Component: ARM Compiler 5.05 update 2 (build 169) Tool: armlink [4d0f33]

==============================================================================

Section Cross References

    startup_stm32f40_41xxx.o(RESET) refers to startup_stm32f40_41xxx.o(STACK) for __initial_sp
    startup_stm32f40_41xxx.o(RESET) refers to startup_stm32f40_41xxx.o(.text) for Reset_Handler
    startup_stm32f40_41xxx.o(RESET) refers to stm32f4xx_it.o(i.NMI_Handler) for NMI_Handler
    startup_stm32f40_41xxx.o(RESET) refers to stm32f4xx_it.o(i.HardFault_Handler) for HardFault_Handler
    startup_stm32f40_41xxx.o(RESET) refers to stm32f4xx_it.o(i.MemManage_Handler) for MemManage_Handler
    startup_stm32f40_41xxx.o(RESET) refers to stm32f4xx_it.o(i.BusFault_Handler) for BusFault_Handler
    startup_stm32f40_41xxx.o(RESET) refers to stm32f4xx_it.o(i.UsageFault_Handler) for UsageFault_Handler
    startup_stm32f40_41xxx.o(RESET) refers to stm32f4xx_it.o(i.SVC_Handler) for SVC_Handler
    startup_stm32f40_41xxx.o(RESET) refers to stm32f4xx_it.o(i.DebugMon_Handler) for DebugMon_Handler
    startup_stm32f40_41xxx.o(RESET) refers to stm32f4xx_it.o(i.PendSV_Handler) for PendSV_Handler
    startup_stm32f40_41xxx.o(RESET) refers to stm32f4xx_it.o(i.SysTick_Handler) for SysTick_Handler
    startup_stm32f40_41xxx.o(RESET) refers to remote.o(i.TIM1_UP_TIM10_IRQHandler) for TIM1_UP_TIM10_IRQHandler
    startup_stm32f40_41xxx.o(RESET) refers to remote.o(i.TIM1_CC_IRQHandler) for TIM1_CC_IRQHandler
    startup_stm32f40_41xxx.o(RESET) refers to timer.o(i.TIM2_IRQHandler) for TIM2_IRQHandler
    startup_stm32f40_41xxx.o(RESET) refers to usart.o(i.USART1_IRQHandler) for USART1_IRQHandler
    startup_stm32f40_41xxx.o(RESET) refers to usart.o(i.USART2_IRQHandler) for USART2_IRQHandler
    startup_stm32f40_41xxx.o(RESET) refers to usart.o(i.USART3_IRQHandler) for USART3_IRQHandler
    startup_stm32f40_41xxx.o(.text) refers to system_stm32f4xx.o(i.SystemInit) for SystemInit
    startup_stm32f40_41xxx.o(.text) refers to entry.o(.ARM.Collect$$$$00000000) for __main
    stm32f4xx_adc.o(i.ADC_DeInit) refers to stm32f4xx_rcc.o(i.RCC_APB2PeriphResetCmd) for RCC_APB2PeriphResetCmd
    stm32f4xx_can.o(i.CAN_DeInit) refers to stm32f4xx_rcc.o(i.RCC_APB1PeriphResetCmd) for RCC_APB1PeriphResetCmd
    stm32f4xx_can.o(i.CAN_GetITStatus) refers to stm32f4xx_can.o(i.CheckITStatus) for CheckITStatus
    stm32f4xx_cryp.o(i.CRYP_DeInit) refers to stm32f4xx_rcc.o(i.RCC_AHB2PeriphResetCmd) for RCC_AHB2PeriphResetCmd
    stm32f4xx_cryp_aes.o(i.CRYP_AES_CBC) refers to stm32f4xx_cryp.o(i.CRYP_KeyStructInit) for CRYP_KeyStructInit
    stm32f4xx_cryp_aes.o(i.CRYP_AES_CBC) refers to stm32f4xx_cryp.o(i.CRYP_FIFOFlush) for CRYP_FIFOFlush
    stm32f4xx_cryp_aes.o(i.CRYP_AES_CBC) refers to stm32f4xx_cryp.o(i.CRYP_Init) for CRYP_Init
    stm32f4xx_cryp_aes.o(i.CRYP_AES_CBC) refers to stm32f4xx_cryp.o(i.CRYP_KeyInit) for CRYP_KeyInit
    stm32f4xx_cryp_aes.o(i.CRYP_AES_CBC) refers to stm32f4xx_cryp.o(i.CRYP_Cmd) for CRYP_Cmd
    stm32f4xx_cryp_aes.o(i.CRYP_AES_CBC) refers to stm32f4xx_cryp.o(i.CRYP_GetFlagStatus) for CRYP_GetFlagStatus
    stm32f4xx_cryp_aes.o(i.CRYP_AES_CBC) refers to stm32f4xx_cryp.o(i.CRYP_IVInit) for CRYP_IVInit
    stm32f4xx_cryp_aes.o(i.CRYP_AES_CBC) refers to stm32f4xx_cryp.o(i.CRYP_GetCmdStatus) for CRYP_GetCmdStatus
    stm32f4xx_cryp_aes.o(i.CRYP_AES_CBC) refers to stm32f4xx_cryp.o(i.CRYP_DataIn) for CRYP_DataIn
    stm32f4xx_cryp_aes.o(i.CRYP_AES_CBC) refers to stm32f4xx_cryp.o(i.CRYP_DataOut) for CRYP_DataOut
    stm32f4xx_cryp_aes.o(i.CRYP_AES_CCM) refers to stm32f4xx_cryp.o(i.CRYP_KeyStructInit) for CRYP_KeyStructInit
    stm32f4xx_cryp_aes.o(i.CRYP_AES_CCM) refers to stm32f4xx_cryp.o(i.CRYP_FIFOFlush) for CRYP_FIFOFlush
    stm32f4xx_cryp_aes.o(i.CRYP_AES_CCM) refers to stm32f4xx_cryp.o(i.CRYP_KeyInit) for CRYP_KeyInit
    stm32f4xx_cryp_aes.o(i.CRYP_AES_CCM) refers to stm32f4xx_cryp.o(i.CRYP_IVInit) for CRYP_IVInit
    stm32f4xx_cryp_aes.o(i.CRYP_AES_CCM) refers to stm32f4xx_cryp.o(i.CRYP_Init) for CRYP_Init
    stm32f4xx_cryp_aes.o(i.CRYP_AES_CCM) refers to stm32f4xx_cryp.o(i.CRYP_PhaseConfig) for CRYP_PhaseConfig
    stm32f4xx_cryp_aes.o(i.CRYP_AES_CCM) refers to stm32f4xx_cryp.o(i.CRYP_DataIn) for CRYP_DataIn
    stm32f4xx_cryp_aes.o(i.CRYP_AES_CCM) refers to stm32f4xx_cryp.o(i.CRYP_Cmd) for CRYP_Cmd
    stm32f4xx_cryp_aes.o(i.CRYP_AES_CCM) refers to stm32f4xx_cryp.o(i.CRYP_GetCmdStatus) for CRYP_GetCmdStatus
    stm32f4xx_cryp_aes.o(i.CRYP_AES_CCM) refers to stm32f4xx_cryp.o(i.CRYP_GetFlagStatus) for CRYP_GetFlagStatus
    stm32f4xx_cryp_aes.o(i.CRYP_AES_CCM) refers to stm32f4xx_cryp.o(i.CRYP_DataOut) for CRYP_DataOut
    stm32f4xx_cryp_aes.o(i.CRYP_AES_CTR) refers to stm32f4xx_cryp.o(i.CRYP_KeyStructInit) for CRYP_KeyStructInit
    stm32f4xx_cryp_aes.o(i.CRYP_AES_CTR) refers to stm32f4xx_cryp.o(i.CRYP_KeyInit) for CRYP_KeyInit
    stm32f4xx_cryp_aes.o(i.CRYP_AES_CTR) refers to stm32f4xx_cryp.o(i.CRYP_Init) for CRYP_Init
[...]
    ../fplib/microlib/fpdiv.c                0x00000000   Number         0  ddiv.o ABSOLUTE
    ../fplib/microlib/fpepilogue.c           0x00000000   Number         0  fepilogue.o ABSOLUTE
    ../fplib/microlib/fpepilogue.c           0x00000000   Number         0  depilogue.o ABSOLUTE
    ../fplib/microlib/fpfix.c                0x00000000   Number         0  dfixi.o ABSOLUTE
    ../fplib/microlib/fpfix.c                0x00000000   Number         0  dfixul.o ABSOLUTE
    ../fplib/microlib/fpflt.c                0x00000000   Number         0  dfltui.o ABSOLUTE
    ../fplib/microlib/fpflt.c                0x00000000   Number         0  dflti.o ABSOLUTE
    ../fplib/microlib/fpmul.c                0x00000000   Number         0  dmul.o ABSOLUTE
    ../fplib/microlib/fpneg.c                0x00000000   Number         0  dneg.o ABSOLUTE
    ../mathlib/cos.c                         0x00000000   Number         0  cos_x.o ABSOLUTE
    ../mathlib/cos.c                         0x00000000   Number         0  cos.o ABSOLUTE
    ../mathlib/cos_i.c                       0x00000000   Number         0  cos_i.o ABSOLUTE
    ../mathlib/dunder.c                      0x00000000   Number         0  dunder.o ABSOLUTE
    ../mathlib/fabs.c                        0x00000000   Number         0  fabs.o ABSOLUTE
    ../mathlib/fpclassify.c                  0x00000000   Number         0  fpclassify.o ABSOLUTE
    ../mathlib/poly.c                        0x00000000   Number         0  poly.o ABSOLUTE
    ../mathlib/rred.c                        0x00000000   Number         0  rred.o ABSOLUTE
    ../mathlib/sin.c                         0x00000000   Number         0  sin_x.o ABSOLUTE
    ../mathlib/sin.c                         0x00000000   Number         0  sin.o ABSOLUTE
    ../mathlib/sin_i.c                       0x00000000   Number         0  sin_i.o ABSOLUTE
    ../mathlib/sin_i.c                       0x00000000   Number         0  sin_i_x.o ABSOLUTE
    Libraries\CMSIS\startup\startup_stm32f40_41xxx.s 0x00000000   Number         0  startup_stm32f40_41xxx.o ABSOLUTE
    Libraries\STM32F40x_StdPeriph_Driver\src\misc.c 0x00000000   Number         0  misc.o ABSOLUTE
    Libraries\STM32F40x_StdPeriph_Driver\src\stm32f4xx_adc.c 0x00000000   Number         0  stm32f4xx_adc.o ABSOLUTE
    Libraries\STM32F40x_StdPeriph_Driver\src\stm32f4xx_can.c 0x00000000   Number         0  stm32f4xx_can.o ABSOLUTE
    Libraries\STM32F40x_StdPeriph_Driver\src\stm32f4xx_crc.c 0x00000000   Number         0  stm32f4xx_crc.o ABSOLUTE
    Libraries\STM32F40x_StdPeriph_Driver\src\stm32f4xx_cryp.c 0x00000000   Number         0  stm32f4xx_cryp.o ABSOLUTE
    Libraries\STM32F40x_StdPeriph_Driver\src\stm32f4xx_cryp_aes.c 0x00000000   Number         0  stm32f4xx_cryp_aes.o ABSOLUTE
    Libraries\STM32F40x_StdPeriph_Driver\src\stm32f4xx_cryp_des.c 0x00000000   Number         0  stm32f4xx_cryp_des.o ABSOLUTE
    Libraries\STM32F40x_StdPeriph_Driver\src\stm32f4xx_cryp_tdes.c 0x00000000   Number         0  stm32f4xx_cryp_tdes.o ABSOLUTE
    Libraries\STM32F40x_StdPeriph_Driver\src\stm32f4xx_dac.c 0x00000000   Number         0  stm32f4xx_dac.o ABSOLUTE
    Libraries\STM32F40x_StdPeriph_Driver\src\stm32f4xx_dbgmcu.c 0x00000000   Number         0  stm32f4xx_dbgmcu.o ABSOLUTE
    Libraries\STM32F40x_StdPeriph_Driver\src\stm32f4xx_dcmi.c 0x00000000   Number         0  stm32f4xx_dcmi.o ABSOLUTE
    Libraries\STM32F40x_StdPeriph_Driver\src\stm32f4xx_dma.c 0x00000000   Number         0  stm32f4xx_dma.o ABSOLUTE
    Libraries\STM32F40x_StdPeriph_Driver\src\stm32f4xx_dma2d.c 0x00000000   Number         0  stm32f4xx_dma2d.o ABSOLUTE
    Libraries\STM32F40x_StdPeriph_Driver\src\stm32f4xx_exti.c 0x00000000   Number         0  stm32f4xx_exti.o ABSOLUTE
    Libraries\STM32F40x_StdPeriph_Driver\src\stm32f4xx_flash.c 0x00000000   Number         0  stm32f4xx_flash.o ABSOLUTE
    Libraries\STM32F40x_StdPeriph_Driver\src\stm32f4xx_flash_ramfunc.c 0x00000000   Number         0  stm32f4xx_flash_ramfunc.o ABSOLUTE
    Libraries\STM32F40x_StdPeriph_Driver\src\stm32f4xx_fsmc.c 0x00000000   Number         0  stm32f4xx_fsmc.o ABSOLUTE
    Libraries\STM32F40x_StdPeriph_Driver\src\stm32f4xx_gpio.c 0x00000000   Number         0  stm32f4xx_gpio.o ABSOLUTE
    Libraries\STM32F40x_StdPeriph_Driver\src\stm32f4xx_hash.c 0x00000000   Number         0  stm32f4xx_hash.o ABSOLUTE
    Libraries\STM32F40x_StdPeriph_Driver\src\stm32f4xx_hash_md5.c 0x00000000   Number         0  stm32f4xx_hash_md5.o ABSOLUTE
    Libraries\STM32F40x_StdPeriph_Driver\src\stm32f4xx_hash_sha1.c 0x00000000   Number         0  stm32f4xx_hash_sha1.o ABSOLUTE
    Libraries\STM32F40x_StdPeriph_Driver\src\stm32f4xx_i2c.c 0x00000000   Number         0  stm32f4xx_i2c.o ABSOLUTE
    Libraries\STM32F40x_StdPeriph_Driver\src\stm32f4xx_iwdg.c 0x00000000   Number         0  stm32f4xx_iwdg.o ABSOLUTE
    Libraries\STM32F40x_StdPeriph_Driver\src\stm32f4xx_ltdc.c 0x00000000   Number         0  stm32f4xx_ltdc.o ABSOLUTE
    Libraries\STM32F40x_StdPeriph_Driver\src\stm32f4xx_pwr.c 0x00000000   Number         0  stm32f4xx_pwr.o ABSOLUTE
    Libraries\STM32F40x_StdPeriph_Driver\src\stm32f4xx_rcc.c 0x00000000   Number         0  stm32f4xx_rcc.o ABSOLUTE
    Libraries\STM32F40x_StdPeriph_Driver\src\stm32f4xx_rng.c 0x00000000   Number         0  stm32f4xx_rng.o ABSOLUTE
    Libraries\STM32F40x_StdPeriph_Driver\src\stm32f4xx_rtc.c 0x00000000   Number         0  stm32f4xx_rtc.o ABSOLUTE
    Libraries\STM32F40x_StdPeriph_Driver\src\stm32f4xx_sai.c 0x00000000   Number         0  stm32f4xx_sai.o ABSOLUTE
    Libraries\STM32F40x_StdPeriph_Driver\src\stm32f4xx_sdio.c 0x00000000   Number         0  stm32f4xx_sdio.o ABSOLUTE
    Libraries\STM32F40x_StdPeriph_Driver\src\stm32f4xx_spi.c 0x00000000   Number         0  stm32f4xx_spi.o ABSOLUTE
    Libraries\STM32F40x_StdPeriph_Driver\src\stm32f4xx_syscfg.c 0x00000000   Number         0  stm32f4xx_syscfg.o ABSOLUTE
    Libraries\STM32F40x_StdPeriph_Driver\src\stm32f4xx_tim.c 0x00000000   Number         0  stm32f4xx_tim.o ABSOLUTE
    Libraries\STM32F40x_StdPeriph_Driver\src\stm32f4xx_usart.c 0x00000000   Number         0  stm32f4xx_usart.o ABSOLUTE
    Libraries\STM32F40x_StdPeriph_Driver\src\stm32f4xx_wwdg.c 0x00000000   Number         0  stm32f4xx_wwdg.o ABSOLUTE
    Libraries\\STM32F40x_StdPeriph_Driver\\src\\misc.c 0x00000000   Number         0  misc.o ABSOLUTE
    Libraries\\STM32F40x_StdPeriph_Driver\\src\\stm32f4xx_adc.c 0x00000000   Number         0  stm32f4xx_adc.o ABSOLUTE
    Libraries\\STM32F40x_StdPeriph_Driver\\src\\stm32f4xx_can.c 0x00000000   Number         0  stm32f4xx_can.o ABSOLUTE
    Libraries\\STM32F40x_StdPeriph_Driver\\src\\stm32f4xx_crc.c 0x00000000   Number         0  stm32f4xx_crc.o ABSOLUTE
    Libraries\\STM32F40x_StdPeriph_Driver\\src\\stm32f4xx_cryp.c 0x00000000   Number         0  stm32f4xx_cryp.o ABSOLUTE
    Libraries\\STM32F40x_StdPeriph_Driver\\src\\stm32f4xx_cryp_aes.c 0x00000000   Number         0  stm32f4xx_cryp_aes.o ABSOLUTE
    Libraries\\STM32F40x_StdPeriph_Driver\\src\\stm32f4xx_cryp_des.c 0x00000000   Number         0  stm32f4xx_cryp_des.o ABSOLUTE
    Libraries\\STM32F40x_StdPeriph_Driver\\src\\stm32f4xx_cryp_tdes.c 0x00000000   Number         0  stm32f4xx_cryp_tdes.o ABSOLUTE
    Libraries\\STM32F40x_StdPeriph_Driver\\src\\stm32f4xx_dac.c 0x00000000   Number         0  stm32f4xx_dac.o ABSOLUTE
    Libraries\\STM32F40x_StdPeriph_Driver\\src\\stm32f4xx_dbgmcu.c 0x00000000   Number         0  stm32f4xx_dbgmcu.o ABSOLUTE
    Libraries\\STM32F40x_StdPeriph_Driver\\src\\stm32f4xx_dcmi.c 0x00000000   Number         0  stm32f4xx_dcmi.o ABSOLUTE
    Libraries\\STM32F40x_StdPeriph_Driver\\src\\stm32f4xx_dma.c 0x00000000   Number         0  stm32f4xx_dma.o ABSOLUTE
    Libraries\\STM32F40x_StdPeriph_Driver\\src\\stm32f4xx_dma2d.c 0x00000000   Number         0  stm32f4xx_dma2d.o ABSOLUTE
    Libraries\\STM32F40x_StdPeriph_Driver\\src\\stm32f4xx_exti.c 0x00000000   Number         0  stm32f4xx_exti.o ABSOLUTE
    Libraries\\STM32F40x_StdPeriph_Driver\\src\\stm32f4xx_flash.c 0x00000000   Number         0  stm32f4xx_flash.o ABSOLUTE
    Libraries\\STM32F40x_StdPeriph_Driver\\src\\stm32f4xx_flash_ramfunc.c 0x00000000   Number         0  stm32f4xx_flash_ramfunc.o ABSOLUTE
    Libraries\\STM32F40x_StdPeriph_Driver\\src\\stm32f4xx_fsmc.c 0x00000000   Number         0  stm32f4xx_fsmc.o ABSOLUTE
    Libraries\\STM32F40x_StdPeriph_Driver\\src\\stm32f4xx_gpio.c 0x00000000   Number         0  stm32f4xx_gpio.o ABSOLUTE
    Libraries\\STM32F40x_StdPeriph_Driver\\src\\stm32f4xx_hash.c 0x00000000   Number         0  stm32f4xx_hash.o ABSOLUTE
    Libraries\\STM32F40x_StdPeriph_Driver\\src\\stm32f4xx_hash_md5.c 0x00000000   Number         0  stm32f4xx_hash_md5.o ABSOLUTE
    Libraries\\STM32F40x_StdPeriph_Driver\\src\\stm32f4xx_hash_sha1.c 0x00000000   Number         0  stm32f4xx_hash_sha1.o ABSOLUTE
    Libraries\\STM32F40x_StdPeriph_Driver\\src\\stm32f4xx_i2c.c 0x00000000   Number         0  stm32f4xx_i2c.o ABSOLUTE
    Libraries\\STM32F40x_StdPeriph_Driver\\src\\stm32f4xx_iwdg.c 0x00000000   Number         0  stm32f4xx_iwdg.o ABSOLUTE
    Libraries\\STM32F40x_StdPeriph_Driver\\src\\stm32f4xx_ltdc.c 0x00000000   Number         0  stm32f4xx_ltdc.o ABSOLUTE
    Libraries\\STM32F40x_StdPeriph_Driver\\src\\stm32f4xx_pwr.c 0x00000000   Number         0  stm32f4xx_pwr.o ABSOLUTE
    Libraries\\STM32F40x_StdPeriph_Driver\\src\\stm32f4xx_rcc.c 0x00000000   Number         0  stm32f4xx_rcc.o ABSOLUTE
    Libraries\\STM32F40x_StdPeriph_Driver\\src\\stm32f4xx_rng.c 0x00000000   Number         0  stm32f4xx_rng.o ABSOLUTE
    Libraries\\STM32F40x_StdPeriph_Driver\\src\\stm32f4xx_rtc.c 0x00000000   Number         0  stm32f4xx_rtc.o ABSOLUTE
    Libraries\\STM32F40x_StdPeriph_Driver\\src\\stm32f4xx_sai.c 0x00000000   Number         0  stm32f4xx_sai.o ABSOLUTE
    Libraries\\STM32F40x_StdPeriph_Driver\\src\\stm32f4xx_sdio.c 0x00000000   Number         0  stm32f4xx_sdio.o ABSOLUTE
    Libraries\\STM32F40x_StdPeriph_Driver\\src\\stm32f4xx_spi.c 0x00000000   Number         0  stm32f4xx_spi.o ABSOLUTE
    Libraries\\STM32F40x_StdPeriph_Driver\\src\\stm32f4xx_syscfg.c 0x00000000   Number         0  stm32f4xx_syscfg.o ABSOLUTE
    Libraries\\STM32F40x_StdPeriph_Driver\\src\\stm32f4xx_tim.c 0x00000000   Number         0  stm32f4xx_tim.o ABSOLUTE
    Libraries\\STM32F40x_StdPeriph_Driver\\src\\stm32f4xx_usart.c 0x00000000   Number         0  stm32f4xx_usart.o ABSOLUTE
    Libraries\\STM32F40x_StdPeriph_Driver\\src\\stm32f4xx_wwdg.c 0x00000000   Number         0  stm32f4xx_wwdg.o ABSOLUTE
    User\Control\FindBall.c                  0x00000000   Number         0  findball.o ABSOLUTE
    User\Control\control.c                   0x00000000   Number         0  control.o ABSOLUTE
    User\GPIO\EXIT.c                         0x00000000   Number         0  exit.o ABSOLUTE
    User\GPIO\GPIO.c                         0x00000000   Number         0  gpio.o ABSOLUTE
    User\LCD\lcd.c                           0x00000000   Number         0  lcd.o ABSOLUTE
    User\MPU6050\mpu6050.c                   0x00000000   Number         0  mpu6050.o ABSOLUTE
    User\PWM\PWM.c                           0x00000000   Number         0  pwm.o ABSOLUTE
    User\Remote\remote.c                     0x00000000   Number         0  remote.o ABSOLUTE
    User\System\delay.c                      0x00000000   Number         0  delay.o ABSOLUTE
    User\System\sys.c                        0x00000000   Number         0  sys.o ABSOLUTE
    User\System\usart.c                      0x00000000   Number         0  usart.o ABSOLUTE
    User\Timer\hctl2020.c                    0x00000000   Number         0  hctl2020.o ABSOLUTE
    User\Timer\timer.c                       0x00000000   Number         0  timer.o ABSOLUTE
    User\\Control\\FindBall.c                0x00000000   Number         0  findball.o ABSOLUTE
    User\\Control\\control.c                 0x00000000   Number         0  control.o ABSOLUTE
    User\\GPIO\\EXIT.c                       0x00000000   Number         0  exit.o ABSOLUTE
    User\\GPIO\\GPIO.c                       0x00000000   Number         0  gpio.o ABSOLUTE
    User\\LCD\\lcd.c                         0x00000000   Number         0  lcd.o ABSOLUTE
    User\\MPU6050\\mpu6050.c                 0x00000000   Number         0  mpu6050.o ABSOLUTE
    User\\PWM\\PWM.c                         0x00000000   Number         0  pwm.o ABSOLUTE
    User\\Remote\\remote.c                   0x00000000   Number         0  remote.o ABSOLUTE
    User\\System\\delay.c                    0x00000000   Number         0  delay.o ABSOLUTE
    User\\System\\sys.c                      0x00000000   Number         0  sys.o ABSOLUTE
    User\\System\\usart.c                    0x00000000   Number         0  usart.o ABSOLUTE
    User\\Timer\\hctl2020.c                  0x00000000   Number         0  hctl2020.o ABSOLUTE
    User\\Timer\\timer.c                     0x00000000   Number         0  timer.o ABSOLUTE
    User\\main.c                             0x00000000   Number         0  main.o ABSOLUTE
    User\\stm32f4xx_it.c                     0x00000000   Number         0  stm32f4xx_it.o ABSOLUTE
    User\\system_stm32f4xx.c                 0x00000000   Number         0  system_stm32f4xx.o ABSOLUTE
    User\main.c                              0x00000000   Number         0  main.o ABSOLUTE
    User\stm32f4xx_it.c                      0x00000000   Number         0  stm32f4xx_it.o ABSOLUTE
    User\system_stm32f4xx.c                  0x00000000   Number         0  system_stm32f4xx.o ABSOLUTE
    cdcmple.s                                0x00000000   Number         0  cdcmple.o ABSOLUTE
    cdrcmple.s                               0x00000000   Number         0  cdrcmple.o ABSOLUTE
    dc.s                                     0x00000000   Number         0  dc.o ABSOLUTE
    handlers.s                               0x00000000   Number         0  handlers.o ABSOLUTE
    init.s                                   0x00000000   Number         0  init.o ABSOLUTE
    RESET                                    0x08000000   Section      392  startup_stm32f40_41xxx.o(RESET)
    .ARM.Collect$$$$00000000                 0x08000188   Section        0  entry.o(.ARM.Collect$$$$00000000)
    .ARM.Collect$$$$00000001                 0x08000188   Section        4  entry2.o(.ARM.Collect$$$$00000001)
    .ARM.Collect$$$$00000004                 0x0800018c   Section        4  entry5.o(.ARM.Collect$$$$00000004)
    .ARM.Collect$$$$00000008                 0x08000190   Section        0  entry7b.o(.ARM.Collect$$$$00000008)
    .ARM.Collect$$$$0000000A                 0x08000190   Section        0  entry8b.o(.ARM.Collect$$$$0000000A)
    .ARM.Collect$$$$0000000B                 0x08000190   Section        8  entry9a.o(.ARM.Collect$$$$0000000B)
    .ARM.Collect$$$$0000000D                 0x08000198   Section        0  entry10a.o(.ARM.Collect$$$$0000000D)
    .ARM.Collect$$$$0000000F                 0x08000198   Section        0  entry11a.o(.ARM.Collect$$$$0000000F)
    .ARM.Collect$$$$00002712                 0x08000198   Section        4  entry2.o(.ARM.Collect$$$$00002712)
    __lit__00000000                          0x08000198   Data           4  entry2.o(.ARM.Collect$$$$00002712)
    .text                                    0x0800019c   Section       36  startup_stm32f40_41xxx.o(.text)
    $v0                                      0x0800019c   Number         0  startup_stm32f40_41xxx.o(.text)
    .text                                    0x080001c0   Section        0  f2d.o(.text)
    .text                                    0x080001e8   Section       48  cdcmple.o(.text)
    .text                                    0x08000218   Section        0  d2f.o(.text)
    .text                                    0x08000250   Section        0  uldiv.o(.text)
    .text                                    0x080002b2   Section        0  fepilogue.o(.text)
    .text                                    0x080002b2   Section        0  iusefp.o(.text)
    .text                                    0x08000320   Section        0  dadd.o(.text)
    .text                                    0x0800046e   Section        0  dmul.o(.text)
    .text                                    0x08000552   Section        0  ddiv.o(.text)
    .text                                    0x08000630   Section       36  init.o(.text)
    .text                                    0x08000654   Section        0  llshl.o(.text)
    .text                                    0x08000672   Section        0  llushr.o(.text)
    .text                                    0x08000692   Section        0  llsshr.o(.text)
    .text                                    0x080006b6   Section        0  depilogue.o(.text)
    .text                                    0x08000770   Section        0  dflti.o(.text)
    .text                                    0x08000792   Section        0  dfltui.o(.text)
    .text                                    0x080007ac   Section        0  dfixi.o(.text)
    i.BEEP_Init                              0x080007ec   Section        0  gpio.o(i.BEEP_Init)
    i.BusFault_Handler                       0x0800082c   Section        0  stm32f4xx_it.o(i.BusFault_Handler)
    i.Charge_Init                            0x08000830   Section        0  gpio.o(i.Charge_Init)
    i.Control_Init                           0x0800086c   Section        0  control.o(i.Control_Init)
    i.DebugMon_Handler                       0x08000924   Section        0  stm32f4xx_it.o(i.DebugMon_Handler)
    i.EXTIX_Init                             0x08000926   Section        0  exit.o(i.EXTIX_Init)
    i.EXTI_Init                              0x080009b4   Section        0  stm32f4xx_exti.o(i.EXTI_Init)
    i.FSMC_NORSRAMCmd                        0x08000a48   Section        0  stm32f4xx_fsmc.o(i.FSMC_NORSRAMCmd)
    i.FSMC_NORSRAMInit                       0x08000a7c   Section        0  stm32f4xx_fsmc.o(i.FSMC_NORSRAMInit)
    i.GPIO_Init                              0x08000b62   Section        0  stm32f4xx_gpio.o(i.GPIO_Init)
    i.GPIO_PinAFConfig                       0x08000bf2   Section        0  stm32f4xx_gpio.o(i.GPIO_PinAFConfig)
    i.GPIO_ResetBits                         0x08000c38   Section        0  stm32f4xx_gpio.o(i.GPIO_ResetBits)
    i.GPIO_SetBits                           0x08000c3c   Section        0  stm32f4xx_gpio.o(i.GPIO_SetBits)
    i.GetPosition                            0x08000c40   Section        0  control.o(i.GetPosition)
    i.HCTL2020_DATA                          0x08000f84   Section        0  hctl2020.o(i.HCTL2020_DATA)
    i.HardFault_Handler                      0x08000ff8   Section        0  stm32f4xx_it.o(i.HardFault_Handler)
    i.InfraredSwitch_Init                    0x08000ffc   Section        0  gpio.o(i.InfraredSwitch_Init)
    i.LCD_Clear                              0x0800102c   Section        0  lcd.o(i.LCD_Clear)
    i.LCD_Display_Dir                        0x08001098   Section        0  lcd.o(i.LCD_Display_Dir)
    i.LCD_Fast_DrawPoint                     0x08001208   Section        0  lcd.o(i.LCD_Fast_DrawPoint)
    i.LCD_Init                               0x08001328   Section        0  lcd.o(i.LCD_Init)
    i.LCD_Pow                                0x08004ab0   Section        0  lcd.o(i.LCD_Pow)
    i.LCD_RD_DATA                            0x08004ac8   Section        0  lcd.o(i.LCD_RD_DATA)
    i.LCD_ReadReg                            0x08004adc   Section        0  lcd.o(i.LCD_ReadReg)
    i.LCD_Scan_Dir                           0x08004af4   Section        0  lcd.o(i.LCD_Scan_Dir)
    i.LCD_SetCursor                          0x08004da0   Section        0  lcd.o(i.LCD_SetCursor)
    i.LCD_ShowChar                           0x08004eac   Section        0  lcd.o(i.LCD_ShowChar)
    i.LCD_ShowString                         0x08004fd4   Section        0  lcd.o(i.LCD_ShowString)
    i.LCD_Show_Title                         0x0800503c   Section        0  lcd.o(i.LCD_Show_Title)
    i.LCD_Show_V                             0x08005404   Section        0  lcd.o(i.LCD_Show_V)
    i.LCD_Show_lcj                           0x0800560c   Section        0  lcd.o(i.LCD_Show_lcj)
    i.LCD_Show_position                      0x08005738   Section        0  lcd.o(i.LCD_Show_position)
    i.LCD_Show_v                             0x08005940   Section        0  lcd.o(i.LCD_Show_v)
    i.LCD_ShowxNum                           0x08005aec   Section        0  lcd.o(i.LCD_ShowxNum)
    i.LCD_WR_DATA                            0x08005bac   Section        0  lcd.o(i.LCD_WR_DATA)
    i.LCD_WR_REG                             0x08005bc4   Section        0  lcd.o(i.LCD_WR_REG)
    i.LCD_WriteRAM_Prepare                   0x08005bdc   Section        0  lcd.o(i.LCD_WriteRAM_Prepare)
    i.LCD_WriteReg                           0x08005bf0   Section        0  lcd.o(i.LCD_WriteReg)
    i.LED_Init                               0x08005c0c   Section        0  gpio.o(i.LED_Init)
    i.LimitSwitch_init                       0x08005c4c   Section        0  gpio.o(i.LimitSwitch_init)
    i.MPU_Init                               0x08005c90   Section        0  mpu6050.o(i.MPU_Init)
    i.MemManage_Handler                      0x08005d0c   Section        0  stm32f4xx_it.o(i.MemManage_Handler)
    i.NMI_Handler                            0x08005d10   Section        0  stm32f4xx_it.o(i.NMI_Handler)
    i.NVIC_Init                              0x08005d14   Section        0  misc.o(i.NVIC_Init)
    i.NVIC_PriorityGroupConfig               0x08005d8c   Section        0  misc.o(i.NVIC_PriorityGroupConfig)
    i.PWM_Init                               0x08005da0   Section        0  pwm.o(i.PWM_Init)
    i.PendSV_Handler                         0x08005dde   Section        0  stm32f4xx_it.o(i.PendSV_Handler)
    i.RCC_AHB1PeriphClockCmd                 0x08005de0   Section        0  stm32f4xx_rcc.o(i.RCC_AHB1PeriphClockCmd)
    i.RCC_AHB3PeriphClockCmd                 0x08005e00   Section        0  stm32f4xx_rcc.o(i.RCC_AHB3PeriphClockCmd)
    i.RCC_APB1PeriphClockCmd                 0x08005e20   Section        0  stm32f4xx_rcc.o(i.RCC_APB1PeriphClockCmd)
    i.RCC_APB2PeriphClockCmd                 0x08005e40   Section        0  stm32f4xx_rcc.o(i.RCC_APB2PeriphClockCmd)
    i.RCC_GetClocksFreq                      0x08005e60   Section        0  stm32f4xx_rcc.o(i.RCC_GetClocksFreq)
    i.Remote_Init                            0x08005f48   Section        0  remote.o(i.Remote_Init)
    i.SVC_Handler                            0x0800602c   Section        0  stm32f4xx_it.o(i.SVC_Handler)
    i.SYSCFG_EXTILineConfig                  0x08006030   Section        0  stm32f4xx_syscfg.o(i.SYSCFG_EXTILineConfig)
    i.SetPWM                                 0x08006070   Section        0  control.o(i.SetPWM)
    i.SetSysClock                            0x080060e4   Section        0  system_stm32f4xx.o(i.SetSysClock)
    SetSysClock                              0x080060e5   Thumb Code   220  system_stm32f4xx.o(i.SetSysClock)
    i.ShotSwitch_Init                        0x080061d0   Section        0  gpio.o(i.ShotSwitch_Init)
    i.SysTick_CLKSourceConfig                0x0800620c   Section        0  misc.o(i.SysTick_CLKSourceConfig)
    i.SysTick_Handler                        0x08006234   Section        0  stm32f4xx_it.o(i.SysTick_Handler)
    i.SystemInit                             0x08006238   Section        0  system_stm32f4xx.o(i.SystemInit)
    i.TI1_Config                             0x080062a0   Section        0  stm32f4xx_tim.o(i.TI1_Config)
    TI1_Config                               0x080062a1   Thumb Code    58  stm32f4xx_tim.o(i.TI1_Config)
    i.TI2_Config                             0x080062da   Section        0  stm32f4xx_tim.o(i.TI2_Config)
    TI2_Config                               0x080062db   Thumb Code    80  stm32f4xx_tim.o(i.TI2_Config)
    i.TI3_Config                             0x0800632a   Section        0  stm32f4xx_tim.o(i.TI3_Config)
    TI3_Config                               0x0800632b   Thumb Code    72  stm32f4xx_tim.o(i.TI3_Config)
    i.TI4_Config                             0x08006372   Section        0  stm32f4xx_tim.o(i.TI4_Config)
    TI4_Config                               0x08006373   Thumb Code    80  stm32f4xx_tim.o(i.TI4_Config)
    i.TIM1_CC_IRQHandler                     0x080063c4   Section        0  remote.o(i.TIM1_CC_IRQHandler)
    i.TIM1_UP_TIM10_IRQHandler               0x080064fc   Section        0  remote.o(i.TIM1_UP_TIM10_IRQHandler)
    i.TIM2_IRQHandler                        0x08006574   Section        0  timer.o(i.TIM2_IRQHandler)
    i.TIM3_CH1_PWM_Init                      0x08006858   Section        0  pwm.o(i.TIM3_CH1_PWM_Init)
    i.TIM3_CH2_PWM_Init                      0x080068f8   Section        0  pwm.o(i.TIM3_CH2_PWM_Init)
    i.TIM3_CH3_PWM_Init                      0x08006998   Section        0  pwm.o(i.TIM3_CH3_PWM_Init)
    i.TIM5_CH2_PWM_Init                      0x08006a38   Section        0  pwm.o(i.TIM5_CH2_PWM_Init)
    i.TIM9_CH1_PWM_Init                      0x08006ad4   Section        0  pwm.o(i.TIM9_CH1_PWM_Init)
    i.TIM9_CH2_PWM_Init                      0x08006b74   Section        0  pwm.o(i.TIM9_CH2_PWM_Init)
    i.TIM_ARRPreloadConfig                   0x08006c14   Section        0  stm32f4xx_tim.o(i.TIM_ARRPreloadConfig)
    i.TIM_ClearITPendingBit                  0x08006c2c   Section        0  stm32f4xx_tim.o(i.TIM_ClearITPendingBit)
    i.TIM_Cmd                                0x08006c32   Section        0  stm32f4xx_tim.o(i.TIM_Cmd)
    i.TIM_GetCapture1                        0x08006c4a   Section        0  stm32f4xx_tim.o(i.TIM_GetCapture1)
    i.TIM_GetITStatus                        0x08006c50   Section        0  stm32f4xx_tim.o(i.TIM_GetITStatus)
    i.TIM_ICInit                             0x08006c72   Section        0  stm32f4xx_tim.o(i.TIM_ICInit)
    i.TIM_ITConfig                           0x08006ce0   Section        0  stm32f4xx_tim.o(i.TIM_ITConfig)
    i.TIM_Init                               0x08006cf2   Section        0  timer.o(i.TIM_Init)
    i.TIM_OC1Init                            0x08006d50   Section        0  stm32f4xx_tim.o(i.TIM_OC1Init)
    i.TIM_OC1PolarityConfig                  0x08006dcc   Section        0  stm32f4xx_tim.o(i.TIM_OC1PolarityConfig)
    i.TIM_OC1PreloadConfig                   0x08006dde   Section        0  stm32f4xx_tim.o(i.TIM_OC1PreloadConfig)
    i.TIM_OC2Init                            0x08006df0   Section        0  stm32f4xx_tim.o(i.TIM_OC2Init)
    i.TIM_OC2PreloadConfig                   0x08006e94   Section        0  stm32f4xx_tim.o(i.TIM_OC2PreloadConfig)
    i.TIM_OC3Init                            0x08006eb0   Section        0  stm32f4xx_tim.o(i.TIM_OC3Init)
    i.TIM_OC3PreloadConfig                   0x08006f50   Section        0  stm32f4xx_tim.o(i.TIM_OC3PreloadConfig)
    i.TIM_SetCompare1                        0x08006f62   Section        0  stm32f4xx_tim.o(i.TIM_SetCompare1)
    i.TIM_SetCompare2                        0x08006f66   Section        0  stm32f4xx_tim.o(i.TIM_SetCompare2)
    i.TIM_SetCounter                         0x08006f6a   Section        0  stm32f4xx_tim.o(i.TIM_SetCounter)
    i.TIM_SetIC1Prescaler                    0x08006f6e   Section        0  stm32f4xx_tim.o(i.TIM_SetIC1Prescaler)
    i.TIM_SetIC2Prescaler                    0x08006f80   Section        0  stm32f4xx_tim.o(i.TIM_SetIC2Prescaler)
    i.TIM_SetIC3Prescaler                    0x08006f9a   Section        0  stm32f4xx_tim.o(i.TIM_SetIC3Prescaler)
    i.TIM_SetIC4Prescaler                    0x08006fac   Section        0  stm32f4xx_tim.o(i.TIM_SetIC4Prescaler)
    i.TIM_TimeBaseInit                       0x08006fc8   Section        0  stm32f4xx_tim.o(i.TIM_TimeBaseInit)
    i.UART_Init                              0x0800704c   Section        0  usart.o(i.UART_Init)
    i.USART1_IRQHandler                      0x08007248   Section        0  usart.o(i.USART1_IRQHandler)
    i.USART2_IRQHandler                      0x08007314   Section        0  usart.o(i.USART2_IRQHandler)
    i.USART3_IRQHandler                      0x080073d0   Section        0  usart.o(i.USART3_IRQHandler)
    i.USART_ClearFlag                        0x0800747c   Section        0  stm32f4xx_usart.o(i.USART_ClearFlag)
    i.USART_Cmd                              0x0800748e   Section        0  stm32f4xx_usart.o(i.USART_Cmd)
    i.USART_GetFlagStatus                    0x080074a6   Section        0  stm32f4xx_usart.o(i.USART_GetFlagStatus)
    i.USART_GetITStatus                      0x080074c0   Section        0  stm32f4xx_usart.o(i.USART_GetITStatus)
    i.USART_ITConfig                         0x08007514   Section        0  stm32f4xx_usart.o(i.USART_ITConfig)
    i.USART_Init                             0x08007560   Section        0  stm32f4xx_usart.o(i.USART_Init)
    i.USART_ReceiveData                      0x08007634   Section        0  stm32f4xx_usart.o(i.USART_ReceiveData)
    i.USART_SendData                         0x0800763e   Section        0  stm32f4xx_usart.o(i.USART_SendData)
    i.UsageFault_Handler                     0x08007646   Section        0  stm32f4xx_it.o(i.UsageFault_Handler)
    i.Velocity2PWM                           0x0800764c   Section        0  control.o(i.Velocity2PWM)
    Velocity2PWM                             0x0800764d   Thumb Code    70  control.o(i.Velocity2PWM)
    i.__0printf$5                            0x080076a0   Section        0  printf5.o(i.__0printf$5)
    i.__ARM_fpclassify                       0x080076c0   Section        0  fpclassify.o(i.__ARM_fpclassify)
    i.__hardfp_cos                           0x080076f0   Section        0  cos.o(i.__hardfp_cos)
    i.__hardfp_fabs                          0x080077b8   Section        0  fabs.o(i.__hardfp_fabs)
    i.__hardfp_sin                           0x080077d0   Section        0  sin.o(i.__hardfp_sin)
    i.__ieee754_rem_pio2                     0x08007898   Section        0  rred.o(i.__ieee754_rem_pio2)
    i.__kernel_cos                           0x08007cd0   Section        0  cos_i.o(i.__kernel_cos)
    i.__kernel_poly                          0x08007e40   Section        0  poly.o(i.__kernel_poly)
    i.__kernel_sin                           0x08007f38   Section        0  sin_i.o(i.__kernel_sin)
    i.__mathlib_dbl_infnan                   0x08008068   Section        0  dunder.o(i.__mathlib_dbl_infnan)
    i.__mathlib_dbl_invalid                  0x08008080   Section        0  dunder.o(i.__mathlib_dbl_invalid)
    i.__mathlib_dbl_underflow                0x080080a0   Section        0  dunder.o(i.__mathlib_dbl_underflow)
    i.__scatterload_copy                     0x080080c0   Section       14  handlers.o(i.__scatterload_copy)
    i.__scatterload_null                     0x080080ce   Section        2  handlers.o(i.__scatterload_null)
    i.__scatterload_zeroinit                 0x080080d0   Section       14  handlers.o(i.__scatterload_zeroinit)
    i.__set_errno                            0x080080e0   Section        0  errno.o(i.__set_errno)
    i._printf_core                           0x080080ec   Section        0  printf5.o(i._printf_core)
    _printf_core                             0x080080ed   Thumb Code   658  printf5.o(i._printf_core)
    i.delay_init                             0x080083ac   Section        0  delay.o(i.delay_init)
    i.delay_ms                               0x080083e8   Section        0  delay.o(i.delay_ms)
    i.delay_us                               0x08008420   Section        0  delay.o(i.delay_us)
    i.delay_xms                              0x0800846c   Section        0  delay.o(i.delay_xms)
    i.fabs                                   0x080084b8   Section        0  fabs.o(i.fabs)
    i.fputc                                  0x080084d0   Section        0  usart.o(i.fputc)
    i.hctl2020_getdata_0                     0x080084ec   Section        0  hctl2020.o(i.hctl2020_getdata_0)
    i.hctl2020_getdata_1                     0x08008588   Section        0  hctl2020.o(i.hctl2020_getdata_1)
    i.hctl2020_getdata_2                     0x08008628   Section        0  hctl2020.o(i.hctl2020_getdata_2)
    i.hctl2020_init                          0x080086c4   Section        0  hctl2020.o(i.hctl2020_init)
    i.main                                   0x08008788   Section        0  main.o(i.main)
    .constdata                               0x08008818   Section     6080  lcd.o(.constdata)
    .constdata                               0x08009fd8   Section       48  cos_i.o(.constdata)
    C                                        0x08009fd8   Data          48  cos_i.o(.constdata)
    .constdata                               0x0800a008   Section      200  rred.o(.constdata)
    pio2s                                    0x0800a008   Data          48  rred.o(.constdata)
    twooverpi                                0x0800a038   Data         152  rred.o(.constdata)
    .constdata                               0x0800a0d0   Section       40  sin_i.o(.constdata)
    S                                        0x0800a0d0   Data          40  sin_i.o(.constdata)
    .data                                    0x20000000   Section       16  stm32f4xx_rcc.o(.data)
    APBAHBPrescTable                         0x20000000   Data          16  stm32f4xx_rcc.o(.data)
    .data                                    0x20000010   Section        4  lcd.o(.data)
    .data                                    0x20000014   Section        9  remote.o(.data)
    .data                                    0x2000001e   Section        4  delay.o(.data)
    fac_us                                   0x2000001e   Data           1  delay.o(.data)
    fac_ms                                   0x20000020   Data           2  delay.o(.data)
    .data                                    0x20000024   Section       19  usart.o(.data)
    .data                                    0x20000037   Section        4  main.o(.data)
    .data                                    0x2000003b   Section        3  timer.o(.data)
    .data                                    0x20000040   Section       16  control.o(.data)
    .data                                    0x20000050   Section        4  errno.o(.data)
    _errno                                   0x20000050   Data           4  errno.o(.data)
    .bss                                     0x20000054   Section       14  lcd.o(.bss)
    .bss                                     0x20000062   Section      600  usart.o(.bss)
    .bss                                     0x200002bc   Section       72  control.o(.bss)
    STACK                                    0x20000308   Section     1024  startup_stm32f40_41xxx.o(STACK)

    Global Symbols

    Symbol Name                              Value     Ov Type        Size  Object(Section)

    BuildAttributes$$THM_ISAv4$E$P$D$K$B$S$7EM$VFPi3$EXTD16$VFPS$VFMA$PE$A:L22UL41UL21$X:L11$S22US41US21$IEEE1$IW$USESV6$~STKCKD$USESV7$~SHL$OTIME$ROPI$IEEEX$EBA8$MICROLIB$REQ8$PRES8$EABIv2 0x00000000   Number         0  anon$$obj.o ABSOLUTE
    __ARM_use_no_argv                        0x00000000   Number         0  main.o ABSOLUTE
    __use_no_errno                           0x00000000   Number         0  useno.o ABSOLUTE
    __use_no_exception_handling              0x00000000   Number         0  useno.o ABSOLUTE
    __use_no_fp                              0x00000000   Number         0  useno.o ABSOLUTE
    __use_no_heap                            0x00000000   Number         0  useno.o ABSOLUTE
    __use_no_heap_region                     0x00000000   Number         0  useno.o ABSOLUTE
    __use_no_semihosting                     0x00000000   Number         0  useno.o ABSOLUTE
    __use_no_semihosting_swi                 0x00000000   Number         0  useno.o ABSOLUTE
    __use_no_signal_handling                 0x00000000   Number         0  useno.o ABSOLUTE
    _printf_a                                0x00000000   Number         0  stubs.o ABSOLUTE
    _printf_c                                0x00000000   Number         0  stubs.o ABSOLUTE
    _printf_charcount                        0x00000000   Number         0  stubs.o ABSOLUTE
    _printf_d                                0x00000000   Number         0  stubs.o ABSOLUTE
    _printf_e                                0x00000000   Number         0  stubs.o ABSOLUTE
    _printf_f                                0x00000000   Number         0  stubs.o ABSOLUTE
    _printf_flags                            0x00000000   Number         0  stubs.o ABSOLUTE
    _printf_fp_dec                           0x00000000   Number         0  stubs.o ABSOLUTE
    _printf_fp_hex                           0x00000000   Number         0  stubs.o ABSOLUTE
    _printf_g                                0x00000000   Number         0  stubs.o ABSOLUTE
    _printf_i                                0x00000000   Number         0  stubs.o ABSOLUTE
    _printf_int_dec                          0x00000000   Number         0  stubs.o ABSOLUTE
    _printf_l                                0x00000000   Number         0  stubs.o ABSOLUTE
    _printf_lc                               0x00000000   Number         0  stubs.o ABSOLUTE
    _printf_ll                               0x00000000   Number         0  stubs.o ABSOLUTE
    _printf_lld                              0x00000000   Number         0  stubs.o ABSOLUTE
    _printf_lli                              0x00000000   Number         0  stubs.o ABSOLUTE
    _printf_llo                              0x00000000   Number         0  stubs.o ABSOLUTE
    _printf_llu                              0x00000000   Number         0  stubs.o ABSOLUTE
    _printf_llx                              0x00000000   Number         0  stubs.o ABSOLUTE
    _printf_longlong_dec                     0x00000000   Number         0  stubs.o ABSOLUTE
    _printf_longlong_hex                     0x00000000   Number         0  stubs.o ABSOLUTE
    _printf_longlong_oct                     0x00000000   Number         0  stubs.o ABSOLUTE
    _printf_ls                               0x00000000   Number         0  stubs.o ABSOLUTE
    _printf_mbtowc                           0x00000000   Number         0  stubs.o ABSOLUTE
    _printf_n                                0x00000000   Number         0  stubs.o ABSOLUTE
    _printf_o                                0x00000000   Number         0  stubs.o ABSOLUTE
    _printf_p                                0x00000000   Number         0  stubs.o ABSOLUTE
    _printf_percent                          0x00000000   Number         0  stubs.o ABSOLUTE
    _printf_pre_padding                      0x00000000   Number         0  stubs.o ABSOLUTE
    _printf_return_value                     0x00000000   Number         0  stubs.o ABSOLUTE
    _printf_s                                0x00000000   Number         0  stubs.o ABSOLUTE
    _printf_sizespec                         0x00000000   Number         0  stubs.o ABSOLUTE
    _printf_str                              0x00000000   Number         0  stubs.o ABSOLUTE
    _printf_truncate_signed                  0x00000000   Number         0  stubs.o ABSOLUTE
    _printf_truncate_unsigned                0x00000000   Number         0  stubs.o ABSOLUTE
    _printf_u                                0x00000000   Number         0  stubs.o ABSOLUTE
    _printf_wc                               0x00000000   Number         0  stubs.o ABSOLUTE
    _printf_wctomb                           0x00000000   Number         0  stubs.o ABSOLUTE
    _printf_widthprec                        0x00000000   Number         0  stubs.o ABSOLUTE
    _printf_x                                0x00000000   Number         0  stubs.o ABSOLUTE
    __cpp_initialize__aeabi_                  - Undefined Weak Reference
    __cxa_finalize                            - Undefined Weak Reference
    __decompress                              - Undefined Weak Reference
    _clock_init                               - Undefined Weak Reference
    _microlib_exit                            - Undefined Weak Reference
    __Vectors_Size                           0x00000188   Number         0  startup_stm32f40_41xxx.o ABSOLUTE
    __Vectors                                0x08000000   Data           4  startup_stm32f40_41xxx.o(RESET)
    __Vectors_End                            0x08000188   Data           0  startup_stm32f40_41xxx.o(RESET)
    __main                                   0x08000189   Thumb Code     0  entry.o(.ARM.Collect$$$$00000000)
    _main_stk                                0x08000189   Thumb Code     0  entry2.o(.ARM.Collect$$$$00000001)
    _main_scatterload                        0x0800018d   Thumb Code     0  entry5.o(.ARM.Collect$$$$00000004)
    __main_after_scatterload                 0x08000191   Thumb Code     0  entry5.o(.ARM.Collect$$$$00000004)
    _main_clock                              0x08000191   Thumb Code     0  entry7b.o(.ARM.Collect$$$$00000008)
    _main_cpp_init                           0x08000191   Thumb Code     0  entry8b.o(.ARM.Collect$$$$0000000A)
    _main_init                               0x08000191   Thumb Code     0  entry9a.o(.ARM.Collect$$$$0000000B)
    __rt_final_cpp                           0x08000199   Thumb Code     0  entry10a.o(.ARM.Collect$$$$0000000D)
    __rt_final_exit                          0x08000199   Thumb Code     0  entry11a.o(.ARM.Collect$$$$0000000F)
    Reset_Handler                            0x0800019d   Thumb Code     8  startup_stm32f40_41xxx.o(.text)
    ADC_IRQHandler                           0x080001b7   Thumb Code     0  startup_stm32f40_41xxx.o(.text)
    CAN1_RX0_IRQHandler                      0x080001b7   Thumb Code     0  startup_stm32f40_41xxx.o(.text)
    CAN1_RX1_IRQHandler                      0x080001b7   Thumb Code     0  startup_stm32f40_41xxx.o(.text)
    CAN1_SCE_IRQHandler                      0x080001b7   Thumb Code     0  startup_stm32f40_41xxx.o(.text)
    CAN1_TX_IRQHandler                       0x080001b7   Thumb Code     0  startup_stm32f40_41xxx.o(.text)
    CAN2_RX0_IRQHandler                      0x080001b7   Thumb Code     0  startup_stm32f40_41xxx.o(.text)
    CAN2_RX1_IRQHandler                      0x080001b7   Thumb Code     0  startup_stm32f40_41xxx.o(.text)
    CAN2_SCE_IRQHandler                      0x080001b7   Thumb Code     0  startup_stm32f40_41xxx.o(.text)
    CAN2_TX_IRQHandler                       0x080001b7   Thumb Code     0  startup_stm32f40_41xxx.o(.text)
    CRYP_IRQHandler                          0x080001b7   Thumb Code     0  startup_stm32f40_41xxx.o(.text)
    DCMI_IRQHandler                          0x080001b7   Thumb Code     0  startup_stm32f40_41xxx.o(.text)
    DMA1_Stream0_IRQHandler                  0x080001b7   Thumb Code     0  startup_stm32f40_41xxx.o(.text)
    DMA1_Stream1_IRQHandler                  0x080001b7   Thumb Code     0  startup_stm32f40_41xxx.o(.text)
    DMA1_Stream2_IRQHandler                  0x080001b7   Thumb Code     0  startup_stm32f40_41xxx.o(.text)
    DMA1_Stream3_IRQHandler                  0x080001b7   Thumb Code     0  startup_stm32f40_41xxx.o(.text)
    DMA1_Stream4_IRQHandler                  0x080001b7   Thumb Code     0  startup_stm32f40_41xxx.o(.text)
    DMA1_Stream5_IRQHandler                  0x080001b7   Thumb Code     0  startup_stm32f40_41xxx.o(.text)
    DMA1_Stream6_IRQHandler                  0x080001b7   Thumb Code     0  startup_stm32f40_41xxx.o(.text)
    DMA1_Stream7_IRQHandler                  0x080001b7   Thumb Code     0  startup_stm32f40_41xxx.o(.text)
    DMA2_Stream0_IRQHandler                  0x080001b7   Thumb Code     0  startup_stm32f40_41xxx.o(.text)
    DMA2_Stream1_IRQHandler                  0x080001b7   Thumb Code     0  startup_stm32f40_41xxx.o(.text)
    DMA2_Stream2_IRQHandler                  0x080001b7   Thumb Code     0  startup_stm32f40_41xxx.o(.text)
    DMA2_Stream3_IRQHandler                  0x080001b7   Thumb Code     0  startup_stm32f40_41xxx.o(.text)
    DMA2_Stream4_IRQHandler                  0x080001b7   Thumb Code     0  startup_stm32f40_41xxx.o(.text)
    DMA2_Stream5_IRQHandler                  0x080001b7   Thumb Code     0  startup_stm32f40_41xxx.o(.text)
    DMA2_Stream6_IRQHandler                  0x080001b7   Thumb Code     0  startup_stm32f40_41xxx.o(.text)
    DMA2_Stream7_IRQHandler                  0x080001b7   Thumb Code     0  startup_stm32f40_41xxx.o(.text)
    ETH_IRQHandler                           0x080001b7   Thumb Code     0  startup_stm32f40_41xxx.o(.text)
    ETH_WKUP_IRQHandler                      0x080001b7   Thumb Code     0  startup_stm32f40_41xxx.o(.text)
    EXTI0_IRQHandler                         0x080001b7   Thumb Code     0  startup_stm32f40_41xxx.o(.text)
    EXTI15_10_IRQHandler                     0x080001b7   Thumb Code     0  startup_stm32f40_41xxx.o(.text)
    EXTI1_IRQHandler                         0x080001b7   Thumb Code     0  startup_stm32f40_41xxx.o(.text)
    EXTI2_IRQHandler                         0x080001b7   Thumb Code     0  startup_stm32f40_41xxx.o(.text)
    EXTI3_IRQHandler                         0x080001b7   Thumb Code     0  startup_stm32f40_41xxx.o(.text)
    EXTI4_IRQHandler                         0x080001b7   Thumb Code     0  startup_stm32f40_41xxx.o(.text)
    EXTI9_5_IRQHandler                       0x080001b7   Thumb Code     0  startup_stm32f40_41xxx.o(.text)
    FLASH_IRQHandler                         0x080001b7   Thumb Code     0  startup_stm32f40_41xxx.o(.text)
    FPU_IRQHandler                           0x080001b7   Thumb Code     0  startup_stm32f40_41xxx.o(.text)
    FSMC_IRQHandler                          0x080001b7   Thumb Code     0  startup_stm32f40_41xxx.o(.text)
    HASH_RNG_IRQHandler                      0x080001b7   Thumb Code     0  startup_stm32f40_41xxx.o(.text)
    I2C1_ER_IRQHandler                       0x080001b7   Thumb Code     0  startup_stm32f40_41xxx.o(.text)
    I2C1_EV_IRQHandler                       0x080001b7   Thumb Code     0  startup_stm32f40_41xxx.o(.text)
    I2C2_ER_IRQHandler                       0x080001b7   Thumb Code     0  startup_stm32f40_41xxx.o(.text)
    I2C2_EV_IRQHandler                       0x080001b7   Thumb Code     0  startup_stm32f40_41xxx.o(.text)
    I2C3_ER_IRQHandler                       0x080001b7   Thumb Code     0  startup_stm32f40_41xxx.o(.text)
    I2C3_EV_IRQHandler                       0x080001b7   Thumb Code     0  startup_stm32f40_41xxx.o(.text)
    OTG_FS_IRQHandler                        0x080001b7   Thumb Code     0  startup_stm32f40_41xxx.o(.text)
    OTG_FS_WKUP_IRQHandler                   0x080001b7   Thumb Code     0  startup_stm32f40_41xxx.o(.text)
    OTG_HS_EP1_IN_IRQHandler                 0x080001b7   Thumb Code     0  startup_stm32f40_41xxx.o(.text)
    OTG_HS_EP1_OUT_IRQHandler                0x080001b7   Thumb Code     0  startup_stm32f40_41xxx.o(.text)
    OTG_HS_IRQHandler                        0x080001b7   Thumb Code     0  startup_stm32f40_41xxx.o(.text)
    OTG_HS_WKUP_IRQHandler                   0x080001b7   Thumb Code     0  startup_stm32f40_41xxx.o(.text)
    PVD_IRQHandler                           0x080001b7   Thumb Code     0  startup_stm32f40_41xxx.o(.text)
    RCC_IRQHandler                           0x080001b7   Thumb Code     0  startup_stm32f40_41xxx.o(.text)
    RTC_Alarm_IRQHandler                     0x080001b7   Thumb Code     0  startup_stm32f40_41xxx.o(.text)
    RTC_WKUP_IRQHandler                      0x080001b7   Thumb Code     0  startup_stm32f40_41xxx.o(.text)
    SDIO_IRQHandler                          0x080001b7   Thumb Code     0  startup_stm32f40_41xxx.o(.text)
    SPI1_IRQHandler                          0x080001b7   Thumb Code     0  startup_stm32f40_41xxx.o(.text)
    SPI2_IRQHandler                          0x080001b7   Thumb Code     0  startup_stm32f40_41xxx.o(.text)
    SPI3_IRQHandler                          0x080001b7   Thumb Code     0  startup_stm32f40_41xxx.o(.text)
    TAMP_STAMP_IRQHandler                    0x080001b7   Thumb Code     0  startup_stm32f40_41xxx.o(.text)
    TIM1_BRK_TIM9_IRQHandler                 0x080001b7   Thumb Code     0  startup_stm32f40_41xxx.o(.text)
    TIM1_TRG_COM_TIM11_IRQHandler            0x080001b7   Thumb Code     0  startup_stm32f40_41xxx.o(.text)
    TIM3_IRQHandler                          0x080001b7   Thumb Code     0  startup_stm32f40_41xxx.o(.text)
    TIM4_IRQHandler                          0x080001b7   Thumb Code     0  startup_stm32f40_41xxx.o(.text)
    TIM5_IRQHandler                          0x080001b7   Thumb Code     0  startup_stm32f40_41xxx.o(.text)
    TIM6_DAC_IRQHandler                      0x080001b7   Thumb Code     0  startup_stm32f40_41xxx.o(.text)
    TIM7_IRQHandler                          0x080001b7   Thumb Code     0  startup_stm32f40_41xxx.o(.text)
    TIM8_BRK_TIM12_IRQHandler                0x080001b7   Thumb Code     0  startup_stm32f40_41xxx.o(.text)
    TIM8_CC_IRQHandler                       0x080001b7   Thumb Code     0  startup_stm32f40_41xxx.o(.text)
    TIM8_TRG_COM_TIM14_IRQHandler            0x080001b7   Thumb Code     0  startup_stm32f40_41xxx.o(.text)
    TIM8_UP_TIM13_IRQHandler                 0x080001b7   Thumb Code     0  startup_stm32f40_41xxx.o(.text)
    UART4_IRQHandler                         0x080001b7   Thumb Code     0  startup_stm32f40_41xxx.o(.text)
    UART5_IRQHandler                         0x080001b7   Thumb Code     0  startup_stm32f40_41xxx.o(.text)
    USART6_IRQHandler                        0x080001b7   Thumb Code     0  startup_stm32f40_41xxx.o(.text)
    WWDG_IRQHandler                          0x080001b7   Thumb Code     0  startup_stm32f40_41xxx.o(.text)
    __aeabi_f2d                              0x080001c1   Thumb Code    38  f2d.o(.text)
    __aeabi_cdcmpeq                          0x080001e9   Thumb Code     0  cdcmple.o(.text)
    __aeabi_cdcmple                          0x080001e9   Thumb Code    48  cdcmple.o(.text)
    __aeabi_d2f                              0x08000219   Thumb Code    56  d2f.o(.text)
    __aeabi_uldivmod                         0x08000251   Thumb Code    98  uldiv.o(.text)
    __I$use$fp                               0x080002b3   Thumb Code     0  iusefp.o(.text)
    _float_round                             0x080002b3   Thumb Code    18  fepilogue.o(.text)
    _float_epilogue                          0x080002c5   Thumb Code    92  fepilogue.o(.text)
    __aeabi_dadd                             0x08000321   Thumb Code   322  dadd.o(.text)
    __aeabi_dsub                             0x08000463   Thumb Code     6  dadd.o(.text)
    __aeabi_drsub                            0x08000469   Thumb Code     6  dadd.o(.text)
    __aeabi_dmul                             0x0800046f   Thumb Code   228  dmul.o(.text)
    __aeabi_ddiv                             0x08000553   Thumb Code   222  ddiv.o(.text)
    __scatterload                            0x08000631   Thumb Code    28  init.o(.text)
    __scatterload_rt2                        0x08000631   Thumb Code     0  init.o(.text)
    __aeabi_llsl                             0x08000655   Thumb Code    30  llshl.o(.text)
    _ll_shift_l                              0x08000655   Thumb Code     0  llshl.o(.text)
    __aeabi_llsr                             0x08000673   Thumb Code    32  llushr.o(.text)
    _ll_ushift_r                             0x08000673   Thumb Code     0  llushr.o(.text)
    __aeabi_lasr                             0x08000693   Thumb Code    36  llsshr.o(.text)
    _ll_sshift_r                             0x08000693   Thumb Code     0  llsshr.o(.text)
    _double_round                            0x080006b7   Thumb Code    30  depilogue.o(.text)
    _double_epilogue                         0x080006d5   Thumb Code   156  depilogue.o(.text)
    __aeabi_i2d                              0x08000771   Thumb Code    34  dflti.o(.text)
    __aeabi_ui2d                             0x08000793   Thumb Code    26  dfltui.o(.text)
    __aeabi_d2iz                             0x080007ad   Thumb Code    62  dfixi.o(.text)
    BEEP_Init                                0x080007ed   Thumb Code    60  gpio.o(i.BEEP_Init)
    BusFault_Handler                         0x0800082d   Thumb Code     4  stm32f4xx_it.o(i.BusFault_Handler)
    Charge_Init                              0x08000831   Thumb Code    56  gpio.o(i.Charge_Init)
    Control_Init                             0x0800086d   Thumb Code   168  control.o(i.Control_Init)
    DebugMon_Handler                         0x08000925   Thumb Code     2  stm32f4xx_it.o(i.DebugMon_Handler)
    EXTIX_Init                               0x08000927   Thumb Code   140  exit.o(i.EXTIX_Init)
    EXTI_Init                                0x080009b5   Thumb Code   142  stm32f4xx_exti.o(i.EXTI_Init)
    FSMC_NORSRAMCmd                          0x08000a49   Thumb Code    46  stm32f4xx_fsmc.o(i.FSMC_NORSRAMCmd)
    FSMC_NORSRAMInit                         0x08000a7d   Thumb Code   230  stm32f4xx_fsmc.o(i.FSMC_NORSRAMInit)
    GPIO_Init                                0x08000b63   Thumb Code   144  stm32f4xx_gpio.o(i.GPIO_Init)
    GPIO_PinAFConfig                         0x08000bf3   Thumb Code    70  stm32f4xx_gpio.o(i.GPIO_PinAFConfig)
    GPIO_ResetBits                           0x08000c39   Thumb Code     4  stm32f4xx_gpio.o(i.GPIO_ResetBits)
    GPIO_SetBits                             0x08000c3d   Thumb Code     4  stm32f4xx_gpio.o(i.GPIO_SetBits)
    GetPosition                              0x08000c41   Thumb Code   790  control.o(i.GetPosition)
    HCTL2020_DATA                            0x08000f85   Thumb Code   108  hctl2020.o(i.HCTL2020_DATA)
    HardFault_Handler                        0x08000ff9   Thumb Code     4  stm32f4xx_it.o(i.HardFault_Handler)
    InfraredSwitch_Init                      0x08000ffd   Thumb Code    44  gpio.o(i.InfraredSwitch_Init)
    LCD_Clear                                0x0800102d   Thumb Code   100  lcd.o(i.LCD_Clear)
    LCD_Display_Dir                          0x08001099   Thumb Code   364  lcd.o(i.LCD_Display_Dir)
    LCD_Fast_DrawPoint                       0x08001209   Thumb Code   280  lcd.o(i.LCD_Fast_DrawPoint)
    LCD_Init                                 0x08001329   Thumb Code 14208  lcd.o(i.LCD_Init)
    LCD_Pow                                  0x08004ab1   Thumb Code    22  lcd.o(i.LCD_Pow)
    LCD_RD_DATA                              0x08004ac9   Thumb Code    14  lcd.o(i.LCD_RD_DATA)
    LCD_ReadReg                              0x08004add   Thumb Code    22  lcd.o(i.LCD_ReadReg)
    LCD_Scan_Dir                             0x08004af5   Thumb Code   678  lcd.o(i.LCD_Scan_Dir)
    LCD_SetCursor                            0x08004da1   Thumb Code   262  lcd.o(i.LCD_SetCursor)
    LCD_ShowChar                             0x08004ead   Thumb Code   272  lcd.o(i.LCD_ShowChar)
    LCD_ShowString                           0x08004fd5   Thumb Code   102  lcd.o(i.LCD_ShowString)
    LCD_Show_Title                           0x0800503d   Thumb Code   610  lcd.o(i.LCD_Show_Title)
    LCD_Show_V                               0x08005405   Thumb Code   512  lcd.o(i.LCD_Show_V)
    LCD_Show_lcj                             0x0800560d   Thumb Code   296  lcd.o(i.LCD_Show_lcj)
    LCD_Show_position                        0x08005739   Thumb Code   510  lcd.o(i.LCD_Show_position)
    LCD_Show_v                               0x08005941   Thumb Code   418  lcd.o(i.LCD_Show_v)
    LCD_ShowxNum                             0x08005aed   Thumb Code   190  lcd.o(i.LCD_ShowxNum)
    LCD_WR_DATA                              0x08005bad   Thumb Code    18  lcd.o(i.LCD_WR_DATA)
    LCD_WR_REG                               0x08005bc5   Thumb Code    18  lcd.o(i.LCD_WR_REG)
    LCD_WriteRAM_Prepare                     0x08005bdd   Thumb Code    10  lcd.o(i.LCD_WriteRAM_Prepare)
    LCD_WriteReg                             0x08005bf1   Thumb Code    24  lcd.o(i.LCD_WriteReg)
    LED_Init                                 0x08005c0d   Thumb Code    60  gpio.o(i.LED_Init)
    LimitSwitch_init                         0x08005c4d   Thumb Code    64  gpio.o(i.LimitSwitch_init)
    MPU_Init                                 0x08005c91   Thumb Code   120  mpu6050.o(i.MPU_Init)
    MemManage_Handler                        0x08005d0d   Thumb Code     4  stm32f4xx_it.o(i.MemManage_Handler)
    NMI_Handler                              0x08005d11   Thumb Code     2  stm32f4xx_it.o(i.NMI_Handler)
    NVIC_Init                                0x08005d15   Thumb Code   106  misc.o(i.NVIC_Init)
    NVIC_PriorityGroupConfig                 0x08005d8d   Thumb Code    10  misc.o(i.NVIC_PriorityGroupConfig)
    PWM_Init                                 0x08005da1   Thumb Code    62  pwm.o(i.PWM_Init)
    PendSV_Handler                           0x08005ddf   Thumb Code     2  stm32f4xx_it.o(i.PendSV_Handler)
    RCC_AHB1PeriphClockCmd                   0x08005de1   Thumb Code    26  stm32f4xx_rcc.o(i.RCC_AHB1PeriphClockCmd)
    RCC_AHB3PeriphClockCmd                   0x08005e01   Thumb Code    26  stm32f4xx_rcc.o(i.RCC_AHB3PeriphClockCmd)
    RCC_APB1PeriphClockCmd                   0x08005e21   Thumb Code    26  stm32f4xx_rcc.o(i.RCC_APB1PeriphClockCmd)
    RCC_APB2PeriphClockCmd                   0x08005e41   Thumb Code    26  stm32f4xx_rcc.o(i.RCC_APB2PeriphClockCmd)
    RCC_GetClocksFreq                        0x08005e61   Thumb Code   214  stm32f4xx_rcc.o(i.RCC_GetClocksFreq)
    Remote_Init                              0x08005f49   Thumb Code   218  remote.o(i.Remote_Init)
    SVC_Handler                              0x0800602d   Thumb Code     2  stm32f4xx_it.o(i.SVC_Handler)
    SYSCFG_EXTILineConfig                    0x08006031   Thumb Code    60  stm32f4xx_syscfg.o(i.SYSCFG_EXTILineConfig)
    SetPWM                                   0x08006071   Thumb Code   106  control.o(i.SetPWM)
    ShotSwitch_Init                          0x080061d1   Thumb Code    56  gpio.o(i.ShotSwitch_Init)
    SysTick_CLKSourceConfig                  0x0800620d   Thumb Code    40  misc.o(i.SysTick_CLKSourceConfig)
    SysTick_Handler                          0x08006235   Thumb Code     2  stm32f4xx_it.o(i.SysTick_Handler)
    SystemInit                               0x08006239   Thumb Code    88  system_stm32f4xx.o(i.SystemInit)
    TIM1_CC_IRQHandler                       0x080063c5   Thumb Code   286  remote.o(i.TIM1_CC_IRQHandler)
    TIM1_UP_TIM10_IRQHandler                 0x080064fd   Thumb Code   112  remote.o(i.TIM1_UP_TIM10_IRQHandler)
    TIM2_IRQHandler                          0x08006575   Thumb Code   690  timer.o(i.TIM2_IRQHandler)
    TIM3_CH1_PWM_Init                        0x08006859   Thumb Code   150  pwm.o(i.TIM3_CH1_PWM_Init)
    TIM3_CH2_PWM_Init                        0x080068f9   Thumb Code   150  pwm.o(i.TIM3_CH2_PWM_Init)
    TIM3_CH3_PWM_Init                        0x08006999   Thumb Code   152  pwm.o(i.TIM3_CH3_PWM_Init)
    TIM5_CH2_PWM_Init                        0x08006a39   Thumb Code   148  pwm.o(i.TIM5_CH2_PWM_Init)
    TIM9_CH1_PWM_Init                        0x08006ad5   Thumb Code   150  pwm.o(i.TIM9_CH1_PWM_Init)
    TIM9_CH2_PWM_Init                        0x08006b75   Thumb Code   150  pwm.o(i.TIM9_CH2_PWM_Init)
    TIM_ARRPreloadConfig                     0x08006c15   Thumb Code    24  stm32f4xx_tim.o(i.TIM_ARRPreloadConfig)
    TIM_ClearITPendingBit                    0x08006c2d   Thumb Code     6  stm32f4xx_tim.o(i.TIM_ClearITPendingBit)
    TIM_Cmd                                  0x08006c33   Thumb Code    24  stm32f4xx_tim.o(i.TIM_Cmd)
    TIM_GetCapture1                          0x08006c4b   Thumb Code     6  stm32f4xx_tim.o(i.TIM_GetCapture1)
    TIM_GetITStatus                          0x08006c51   Thumb Code    34  stm32f4xx_tim.o(i.TIM_GetITStatus)
    TIM_ICInit                               0x08006c73   Thumb Code   110  stm32f4xx_tim.o(i.TIM_ICInit)
    TIM_ITConfig                             0x08006ce1   Thumb Code    18  stm32f4xx_tim.o(i.TIM_ITConfig)
    TIM_Init                                 0x08006cf3   Thumb Code    92  timer.o(i.TIM_Init)
    TIM_OC1Init                              0x08006d51   Thumb Code   114  stm32f4xx_tim.o(i.TIM_OC1Init)
    TIM_OC1PolarityConfig                    0x08006dcd   Thumb Code    18  stm32f4xx_tim.o(i.TIM_OC1PolarityConfig)
    TIM_OC1PreloadConfig                     0x08006ddf   Thumb Code    18  stm32f4xx_tim.o(i.TIM_OC1PreloadConfig)
    TIM_OC2Init                              0x08006df1   Thumb Code   154  stm32f4xx_tim.o(i.TIM_OC2Init)
    TIM_OC2PreloadConfig                     0x08006e95   Thumb Code    26  stm32f4xx_tim.o(i.TIM_OC2PreloadConfig)
    TIM_OC3Init                              0x08006eb1   Thumb Code   150  stm32f4xx_tim.o(i.TIM_OC3Init)
    TIM_OC3PreloadConfig                     0x08006f51   Thumb Code    18  stm32f4xx_tim.o(i.TIM_OC3PreloadConfig)
    TIM_SetCompare1                          0x08006f63   Thumb Code     4  stm32f4xx_tim.o(i.TIM_SetCompare1)
    TIM_SetCompare2                          0x08006f67   Thumb Code     4  stm32f4xx_tim.o(i.TIM_SetCompare2)
    TIM_SetCounter                           0x08006f6b   Thumb Code     4  stm32f4xx_tim.o(i.TIM_SetCounter)
    TIM_SetIC1Prescaler                      0x08006f6f   Thumb Code    18  stm32f4xx_tim.o(i.TIM_SetIC1Prescaler)
    TIM_SetIC2Prescaler                      0x08006f81   Thumb Code    26  stm32f4xx_tim.o(i.TIM_SetIC2Prescaler)
    TIM_SetIC3Prescaler                      0x08006f9b   Thumb Code    18  stm32f4xx_tim.o(i.TIM_SetIC3Prescaler)
    TIM_SetIC4Prescaler                      0x08006fad   Thumb Code    26  stm32f4xx_tim.o(i.TIM_SetIC4Prescaler)
    TIM_TimeBaseInit                         0x08006fc9   Thumb Code   104  stm32f4xx_tim.o(i.TIM_TimeBaseInit)
    UART_Init                                0x0800704d   Thumb Code   488  usart.o(i.UART_Init)
    USART1_IRQHandler                        0x08007249   Thumb Code   178  usart.o(i.USART1_IRQHandler)
    USART2_IRQHandler                        0x08007315   Thumb Code   164  usart.o(i.USART2_IRQHandler)
    USART3_IRQHandler                        0x080073d1   Thumb Code   152  usart.o(i.USART3_IRQHandler)
    USART_ClearFlag                          0x0800747d   Thumb Code    18  stm32f4xx_usart.o(i.USART_ClearFlag)
    USART_Cmd                                0x0800748f   Thumb Code    24  stm32f4xx_usart.o(i.USART_Cmd)
    USART_GetFlagStatus                      0x080074a7   Thumb Code    26  stm32f4xx_usart.o(i.USART_GetFlagStatus)
    USART_GetITStatus                        0x080074c1   Thumb Code    84  stm32f4xx_usart.o(i.USART_GetITStatus)
    USART_ITConfig                           0x08007515   Thumb Code    74  stm32f4xx_usart.o(i.USART_ITConfig)
    USART_Init                               0x08007561   Thumb Code   204  stm32f4xx_usart.o(i.USART_Init)
    USART_ReceiveData                        0x08007635   Thumb Code    10  stm32f4xx_usart.o(i.USART_ReceiveData)
    USART_SendData                           0x0800763f   Thumb Code     8  stm32f4xx_usart.o(i.USART_SendData)
    UsageFault_Handler                       0x08007647   Thumb Code     4  stm32f4xx_it.o(i.UsageFault_Handler)
    __0printf$5                              0x080076a1   Thumb Code    22  printf5.o(i.__0printf$5)
    __1printf$5                              0x080076a1   Thumb Code     0  printf5.o(i.__0printf$5)
    __2printf                                0x080076a1   Thumb Code     0  printf5.o(i.__0printf$5)
    __ARM_fpclassify                         0x080076c1   Thumb Code    48  fpclassify.o(i.__ARM_fpclassify)
    __hardfp_cos                             0x080076f1   Thumb Code   180  cos.o(i.__hardfp_cos)
    __hardfp_fabs                            0x080077b9   Thumb Code    20  fabs.o(i.__hardfp_fabs)
    __hardfp_sin                             0x080077d1   Thumb Code   180  sin.o(i.__hardfp_sin)
    __ieee754_rem_pio2                       0x08007899   Thumb Code   938  rred.o(i.__ieee754_rem_pio2)
    __kernel_cos                             0x08007cd1   Thumb Code   322  cos_i.o(i.__kernel_cos)
    __kernel_poly                            0x08007e41   Thumb Code   248  poly.o(i.__kernel_poly)
    __kernel_sin                             0x08007f39   Thumb Code   280  sin_i.o(i.__kernel_sin)
    __mathlib_dbl_infnan                     0x08008069   Thumb Code    20  dunder.o(i.__mathlib_dbl_infnan)
    __mathlib_dbl_invalid                    0x08008081   Thumb Code    24  dunder.o(i.__mathlib_dbl_invalid)
    __mathlib_dbl_underflow                  0x080080a1   Thumb Code    24  dunder.o(i.__mathlib_dbl_underflow)
    __scatterload_copy                       0x080080c1   Thumb Code    14  handlers.o(i.__scatterload_copy)
    __scatterload_null                       0x080080cf   Thumb Code     2  handlers.o(i.__scatterload_null)
    __scatterload_zeroinit                   0x080080d1   Thumb Code    14  handlers.o(i.__scatterload_zeroinit)
    __set_errno                              0x080080e1   Thumb Code     6  errno.o(i.__set_errno)
    delay_init                               0x080083ad   Thumb Code    52  delay.o(i.delay_init)
    delay_ms                                 0x080083e9   Thumb Code    56  delay.o(i.delay_ms)
    delay_us                                 0x08008421   Thumb Code    72  delay.o(i.delay_us)
    delay_xms                                0x0800846d   Thumb Code    72  delay.o(i.delay_xms)
    fabs                                     0x080084b9   Thumb Code    24  fabs.o(i.fabs)
    fputc                                    0x080084d1   Thumb Code    22  usart.o(i.fputc)
    hctl2020_getdata_0                       0x080084ed   Thumb Code   146  hctl2020.o(i.hctl2020_getdata_0)
    hctl2020_getdata_1                       0x08008589   Thumb Code   144  hctl2020.o(i.hctl2020_getdata_1)
    hctl2020_getdata_2                       0x08008629   Thumb Code   146  hctl2020.o(i.hctl2020_getdata_2)
    hctl2020_init                            0x080086c5   Thumb Code   178  hctl2020.o(i.hctl2020_init)
    main                                     0x08008789   Thumb Code   128  main.o(i.main)
    asc2_1206                                0x08008818   Data        1140  lcd.o(.constdata)
    asc2_1608                                0x08008c8c   Data        1520  lcd.o(.constdata)
    asc2_2412                                0x0800927c   Data        3420  lcd.o(.constdata)
    Region$$Table$$Base                      0x0800a0f8   Number         0  anon$$obj.o(Region$$Table)
    Region$$Table$$Limit                     0x0800a118   Number         0  anon$$obj.o(Region$$Table)
    POINT_COLOR                              0x20000010   Data           2  lcd.o(.data)
    BACK_COLOR                               0x20000012   Data           2  lcd.o(.data)
    RmtSta                                   0x20000014   Data           1  remote.o(.data)
    Dval                                     0x20000016   Data           2  remote.o(.data)
    RmtRec                                   0x20000018   Data           4  remote.o(.data)
    RmtCnt                                   0x2000001c   Data           1  remote.o(.data)
    __stdout                                 0x20000024   Data           4  usart.o(.data)
    USART_RX_STA                             0x20000028   Data           2  usart.o(.data)
    USART2_RX_STA                            0x2000002a   Data           2  usart.o(.data)
    USART3_RX_STA                            0x2000002c   Data           2  usart.o(.data)
    receive                                  0x2000002e   Data           1  usart.o(.data)
    End                                      0x2000002f   Data           1  usart.o(.data)
    CheckSum_1                               0x20000030   Data           1  usart.o(.data)
    receive2                                 0x20000031   Data           1  usart.o(.data)
    RecerveFlag                              0x20000032   Data           1  usart.o(.data)
    CheckSum_2                               0x20000033   Data           1  usart.o(.data)
    receive3                                 0x20000034   Data           1  usart.o(.data)
    end                                      0x20000035   Data           1  usart.o(.data)
    CheckSum_3                               0x20000036   Data           1  usart.o(.data)
    zhongquan_case                           0x20000037   Data           1  main.o(.data)
    changdi                                  0x20000038   Data           1  main.o(.data)
    chengxu                                  0x20000039   Data           1  main.o(.data)
    sanfen_case                              0x2000003a   Data           1  main.o(.data)
    time_out_flag                            0x2000003b   Data           1  timer.o(.data)
    count                                    0x2000003c   Data           1  timer.o(.data)
    counter                                  0x2000003d   Data           1  timer.o(.data)
    Radar                                    0x20000040   Data           8  control.o(.data)
    Vision                                   0x20000048   Data           8  control.o(.data)
    lcddev                                   0x20000054   Data          14  lcd.o(.bss)
    USART_RX_BUF                             0x20000062   Data         200  usart.o(.bss)
    USART2_RX_BUF                            0x2000012a   Data         200  usart.o(.bss)
    USART3_RX_BUF                            0x200001f2   Data         200  usart.o(.bss)
    BasketballRobot                          0x200002bc   Data          72  control.o(.bss)
    __initial_sp                             0x20000708   Data           0  startup_stm32f40_41xxx.o(STACK)



==============================================================================

Memory Map of the image

  Image Entry point : 0x08000189

  Load Region LR_IROM1 (Base: 0x08000000, Size: 0x0000a16c, Max: 0x00100000, ABSOLUTE)

    Execution Region ER_IROM1 (Base: 0x08000000, Size: 0x0000a118, Max: 0x00100000, ABSOLUTE)

    Base Addr    Size         Type   Attr      Idx    E Section Name        Object

    0x08000000   0x00000188   Data   RO            3    RESET               startup_stm32f40_41xxx.o
    0x08000188   0x00000000   Code   RO         6178  * .ARM.Collect$$$$00000000  mc_w.l(entry.o)
    0x08000188   0x00000004   Code   RO         6480    .ARM.Collect$$$$00000001  mc_w.l(entry2.o)
    0x0800018c   0x00000004   Code   RO         6483    .ARM.Collect$$$$00000004  mc_w.l(entry5.o)
    0x08000190   0x00000000   Code   RO         6485    .ARM.Collect$$$$00000008  mc_w.l(entry7b.o)
    0x08000190   0x00000000   Code   RO         6487    .ARM.Collect$$$$0000000A  mc_w.l(entry8b.o)
    0x08000190   0x00000008   Code   RO         6488    .ARM.Collect$$$$0000000B  mc_w.l(entry9a.o)
    0x08000198   0x00000000   Code   RO         6490    .ARM.Collect$$$$0000000D  mc_w.l(entry10a.o)
    0x08000198   0x00000000   Code   RO         6492    .ARM.Collect$$$$0000000F  mc_w.l(entry11a.o)
    0x08000198   0x00000004   Code   RO         6481    .ARM.Collect$$$$00002712  mc_w.l(entry2.o)
    0x0800019c   0x00000024   Code   RO            4    .text               startup_stm32f40_41xxx.o
    0x080001c0   0x00000026   Code   RO         6444    .text               mf_w.l(f2d.o)
    0x080001e6   0x00000002   PAD
    0x080001e8   0x00000030   Code   RO         6446    .text               mf_w.l(cdcmple.o)
    0x08000218   0x00000038   Code   RO         6450    .text               mf_w.l(d2f.o)
    0x08000250   0x00000062   Code   RO         6496    .text               mc_w.l(uldiv.o)
    0x080002b2   0x00000000   Code   RO         6505    .text               mc_w.l(iusefp.o)
    0x080002b2   0x0000006e   Code   RO         6506    .text               mf_w.l(fepilogue.o)
    0x08000320   0x0000014e   Code   RO         6508    .text               mf_w.l(dadd.o)
    0x0800046e   0x000000e4   Code   RO         6510    .text               mf_w.l(dmul.o)
    0x08000552   0x000000de   Code   RO         6512    .text               mf_w.l(ddiv.o)
    0x08000630   0x00000024   Code   RO         6520    .text               mc_w.l(init.o)
    0x08000654   0x0000001e   Code   RO         6522    .text               mc_w.l(llshl.o)
    0x08000672   0x00000020   Code   RO         6524    .text               mc_w.l(llushr.o)
    0x08000692   0x00000024   Code   RO         6526    .text               mc_w.l(llsshr.o)
    0x080006b6   0x000000ba   Code   RO         6528    .text               mf_w.l(depilogue.o)
    0x08000770   0x00000022   Code   RO         6530    .text               mf_w.l(dflti.o)
    0x08000792   0x0000001a   Code   RO         6532    .text               mf_w.l(dfltui.o)
    0x080007ac   0x0000003e   Code   RO         6534    .text               mf_w.l(dfixi.o)
    0x080007ea   0x00000002   PAD
    0x080007ec   0x00000040   Code   RO         5602    i.BEEP_Init         gpio.o
    0x0800082c   0x00000004   Code   RO         4988    i.BusFault_Handler  stm32f4xx_it.o
    0x08000830   0x0000003c   Code   RO         5603    i.Charge_Init       gpio.o
    0x0800086c   0x000000b8   Code   RO         5976    i.Control_Init      control.o
    0x08000924   0x00000002   Code   RO         4989    i.DebugMon_Handler  stm32f4xx_it.o
    0x08000926   0x0000008c   Code   RO         5789    i.EXTIX_Init        exit.o
    0x080009b2   0x00000002   PAD
    0x080009b4   0x00000094   Code   RO         1422    i.EXTI_Init         stm32f4xx_exti.o
    0x08000a48   0x00000034   Code   RO         1784    i.FSMC_NORSRAMCmd   stm32f4xx_fsmc.o
    0x08000a7c   0x000000e6   Code   RO         1786    i.FSMC_NORSRAMInit  stm32f4xx_fsmc.o
    0x08000b62   0x00000090   Code   RO         1909    i.GPIO_Init         stm32f4xx_gpio.o
    0x08000bf2   0x00000046   Code   RO         1910    i.GPIO_PinAFConfig  stm32f4xx_gpio.o
    0x08000c38   0x00000004   Code   RO         1916    i.GPIO_ResetBits    stm32f4xx_gpio.o
    0x08000c3c   0x00000004   Code   RO         1917    i.GPIO_SetBits      stm32f4xx_gpio.o
    0x08000c40   0x00000344   Code   RO         5980    i.GetPosition       control.o
    0x08000f84   0x00000074   Code   RO         5826    i.HCTL2020_DATA     hctl2020.o
    0x08000ff8   0x00000004   Code   RO         4990    i.HardFault_Handler  stm32f4xx_it.o
    0x08000ffc   0x00000030   Code   RO         5604    i.InfraredSwitch_Init  gpio.o
    0x0800102c   0x0000006c   Code   RO         5131    i.LCD_Clear         lcd.o
    0x08001098   0x00000170   Code   RO         5135    i.LCD_Display_Dir   lcd.o
    0x08001208   0x00000120   Code   RO         5140    i.LCD_Fast_DrawPoint  lcd.o
    0x08001328   0x00003788   Code   RO         5142    i.LCD_Init          lcd.o
    0x08004ab0   0x00000016   Code   RO         5143    i.LCD_Pow           lcd.o
    0x08004ac6   0x00000002   PAD
    0x08004ac8   0x00000014   Code   RO         5144    i.LCD_RD_DATA       lcd.o
    0x08004adc   0x00000016   Code   RO         5146    i.LCD_ReadReg       lcd.o
    0x08004af2   0x00000002   PAD
    0x08004af4   0x000002ac   Code   RO         5147    i.LCD_Scan_Dir      lcd.o
    0x08004da0   0x0000010c   Code   RO         5148    i.LCD_SetCursor     lcd.o
    0x08004eac   0x00000128   Code   RO         5150    i.LCD_ShowChar      lcd.o
    0x08004fd4   0x00000066   Code   RO         5152    i.LCD_ShowString    lcd.o
    0x0800503a   0x00000002   PAD
    0x0800503c   0x000003c8   Code   RO         5153    i.LCD_Show_Title    lcd.o
    0x08005404   0x00000208   Code   RO         5154    i.LCD_Show_V        lcd.o
    0x0800560c   0x0000012c   Code   RO         5155    i.LCD_Show_lcj      lcd.o
    0x08005738   0x00000208   Code   RO         5156    i.LCD_Show_position  lcd.o
    0x08005940   0x000001ac   Code   RO         5158    i.LCD_Show_v        lcd.o
    0x08005aec   0x000000be   Code   RO         5159    i.LCD_ShowxNum      lcd.o
    0x08005baa   0x00000002   PAD
    0x08005bac   0x00000018   Code   RO         5160    i.LCD_WR_DATA       lcd.o
    0x08005bc4   0x00000018   Code   RO         5161    i.LCD_WR_REG        lcd.o
    0x08005bdc   0x00000014   Code   RO         5163    i.LCD_WriteRAM_Prepare  lcd.o
    0x08005bf0   0x0000001c   Code   RO         5164    i.LCD_WriteReg      lcd.o
    0x08005c0c   0x00000040   Code   RO         5606    i.LED_Init          gpio.o
    0x08005c4c   0x00000044   Code   RO         5607    i.LimitSwitch_init  gpio.o
    0x08005c90   0x0000007c   Code   RO         5939    i.MPU_Init          mpu6050.o
    0x08005d0c   0x00000004   Code   RO         4991    i.MemManage_Handler  stm32f4xx_it.o
    0x08005d10   0x00000002   Code   RO         4992    i.NMI_Handler       stm32f4xx_it.o
    0x08005d12   0x00000002   PAD
    0x08005d14   0x00000078   Code   RO           13    i.NVIC_Init         misc.o
    0x08005d8c   0x00000014   Code   RO           14    i.NVIC_PriorityGroupConfig  misc.o
    0x08005da0   0x0000003e   Code   RO         5724    i.PWM_Init          pwm.o
    0x08005dde   0x00000002   Code   RO         4993    i.PendSV_Handler    stm32f4xx_it.o
    0x08005de0   0x00000020   Code   RO         2805    i.RCC_AHB1PeriphClockCmd  stm32f4xx_rcc.o
    0x08005e00   0x00000020   Code   RO         2811    i.RCC_AHB3PeriphClockCmd  stm32f4xx_rcc.o
    0x08005e20   0x00000020   Code   RO         2814    i.RCC_APB1PeriphClockCmd  stm32f4xx_rcc.o
    0x08005e40   0x00000020   Code   RO         2817    i.RCC_APB2PeriphClockCmd  stm32f4xx_rcc.o
    0x08005e60   0x000000e8   Code   RO         2826    i.RCC_GetClocksFreq  stm32f4xx_rcc.o
    0x08005f48   0x000000e4   Code   RO         5417    i.Remote_Init       remote.o
    0x0800602c   0x00000002   Code   RO         4994    i.SVC_Handler       stm32f4xx_it.o
    0x0800602e   0x00000002   PAD
    0x08006030   0x00000040   Code   RO         4107    i.SYSCFG_EXTILineConfig  stm32f4xx_syscfg.o
    0x08006070   0x00000074   Code   RO         5988    i.SetPWM            control.o
    0x080060e4   0x000000ec   Code   RO         5089    i.SetSysClock       system_stm32f4xx.o
    0x080061d0   0x0000003c   Code   RO         5608    i.ShotSwitch_Init   gpio.o
    0x0800620c   0x00000028   Code   RO           17    i.SysTick_CLKSourceConfig  misc.o
    0x08006234   0x00000002   Code   RO         4995    i.SysTick_Handler   stm32f4xx_it.o
    0x08006236   0x00000002   PAD
    0x08006238   0x00000068   Code   RO         5091    i.SystemInit        system_stm32f4xx.o
    0x080062a0   0x0000003a   Code   RO         4164    i.TI1_Config        stm32f4xx_tim.o
    0x080062da   0x00000050   Code   RO         4165    i.TI2_Config        stm32f4xx_tim.o
    0x0800632a   0x00000048   Code   RO         4166    i.TI3_Config        stm32f4xx_tim.o
    0x08006372   0x00000050   Code   RO         4167    i.TI4_Config        stm32f4xx_tim.o
    0x080063c2   0x00000002   PAD
    0x080063c4   0x00000138   Code   RO         5419    i.TIM1_CC_IRQHandler  remote.o
    0x080064fc   0x00000078   Code   RO         5420    i.TIM1_UP_TIM10_IRQHandler  remote.o
    0x08006574   0x000002e4   Code   RO         5895    i.TIM2_IRQHandler   timer.o
    0x08006858   0x000000a0   Code   RO         5725    i.TIM3_CH1_PWM_Init  pwm.o
    0x080068f8   0x000000a0   Code   RO         5726    i.TIM3_CH2_PWM_Init  pwm.o
    0x08006998   0x000000a0   Code   RO         5727    i.TIM3_CH3_PWM_Init  pwm.o
    0x08006a38   0x0000009c   Code   RO         5728    i.TIM5_CH2_PWM_Init  pwm.o
    0x08006ad4   0x000000a0   Code   RO         5729    i.TIM9_CH1_PWM_Init  pwm.o
    0x08006b74   0x000000a0   Code   RO         5730    i.TIM9_CH2_PWM_Init  pwm.o
    0x08006c14   0x00000018   Code   RO         4168    i.TIM_ARRPreloadConfig  stm32f4xx_tim.o
    0x08006c2c   0x00000006   Code   RO         4175    i.TIM_ClearITPendingBit  stm32f4xx_tim.o
    0x08006c32   0x00000018   Code   RO         4180    i.TIM_Cmd           stm32f4xx_tim.o
    0x08006c4a   0x00000006   Code   RO         4195    i.TIM_GetCapture1   stm32f4xx_tim.o
    0x08006c50   0x00000022   Code   RO         4201    i.TIM_GetITStatus   stm32f4xx_tim.o
    0x08006c72   0x0000006e   Code   RO         4203    i.TIM_ICInit        stm32f4xx_tim.o
    0x08006ce0   0x00000012   Code   RO         4205    i.TIM_ITConfig      stm32f4xx_tim.o
    0x08006cf2   0x0000005c   Code   RO         5896    i.TIM_Init          timer.o
    0x08006d4e   0x00000002   PAD
    0x08006d50   0x0000007c   Code   RO         4209    i.TIM_OC1Init       stm32f4xx_tim.o
    0x08006dcc   0x00000012   Code   RO         4211    i.TIM_OC1PolarityConfig  stm32f4xx_tim.o
    0x08006dde   0x00000012   Code   RO         4212    i.TIM_OC1PreloadConfig  stm32f4xx_tim.o
    0x08006df0   0x000000a4   Code   RO         4214    i.TIM_OC2Init       stm32f4xx_tim.o
    0x08006e94   0x0000001a   Code   RO         4217    i.TIM_OC2PreloadConfig  stm32f4xx_tim.o
    0x08006eae   0x00000002   PAD
    0x08006eb0   0x000000a0   Code   RO         4219    i.TIM_OC3Init       stm32f4xx_tim.o
    0x08006f50   0x00000012   Code   RO         4222    i.TIM_OC3PreloadConfig  stm32f4xx_tim.o
    0x08006f62   0x00000004   Code   RO         4242    i.TIM_SetCompare1   stm32f4xx_tim.o
    0x08006f66   0x00000004   Code   RO         4243    i.TIM_SetCompare2   stm32f4xx_tim.o
    0x08006f6a   0x00000004   Code   RO         4246    i.TIM_SetCounter    stm32f4xx_tim.o
    0x08006f6e   0x00000012   Code   RO         4247    i.TIM_SetIC1Prescaler  stm32f4xx_tim.o
    0x08006f80   0x0000001a   Code   RO         4248    i.TIM_SetIC2Prescaler  stm32f4xx_tim.o
    0x08006f9a   0x00000012   Code   RO         4249    i.TIM_SetIC3Prescaler  stm32f4xx_tim.o
    0x08006fac   0x0000001a   Code   RO         4250    i.TIM_SetIC4Prescaler  stm32f4xx_tim.o
    0x08006fc6   0x00000002   PAD
    0x08006fc8   0x00000084   Code   RO         4252    i.TIM_TimeBaseInit  stm32f4xx_tim.o
    0x0800704c   0x000001fc   Code   RO         5537    i.UART_Init         usart.o
    0x08007248   0x000000cc   Code   RO         5538    i.USART1_IRQHandler  usart.o
    0x08007314   0x000000bc   Code   RO         5539    i.USART2_IRQHandler  usart.o
    0x080073d0   0x000000ac   Code   RO         5540    i.USART3_IRQHandler  usart.o
    0x0800747c   0x00000012   Code   RO         4730    i.USART_ClearFlag   stm32f4xx_usart.o
    0x0800748e   0x00000018   Code   RO         4734    i.USART_Cmd         stm32f4xx_usart.o
    0x080074a6   0x0000001a   Code   RO         4737    i.USART_GetFlagStatus  stm32f4xx_usart.o
    0x080074c0   0x00000054   Code   RO         4738    i.USART_GetITStatus  stm32f4xx_usart.o
    0x08007514   0x0000004a   Code   RO         4740    i.USART_ITConfig    stm32f4xx_usart.o
    0x0800755e   0x00000002   PAD
    0x08007560   0x000000d4   Code   RO         4741    i.USART_Init        stm32f4xx_usart.o
    0x08007634   0x0000000a   Code   RO         4748    i.USART_ReceiveData  stm32f4xx_usart.o
    0x0800763e   0x00000008   Code   RO         4751    i.USART_SendData    stm32f4xx_usart.o
    0x08007646   0x00000004   Code   RO         4996    i.UsageFault_Handler  stm32f4xx_it.o
    0x0800764a   0x00000002   PAD
    0x0800764c   0x00000054   Code   RO         5989    i.Velocity2PWM      control.o
    0x080076a0   0x00000020   Code   RO         6314    i.__0printf$5       mc_w.l(printf5.o)
    0x080076c0   0x00000030   Code   RO         6516    i.__ARM_fpclassify  m_wm.l(fpclassify.o)
    0x080076f0   0x000000c8   Code   RO         6148    i.__hardfp_cos      m_wm.l(cos.o)
    0x080077b8   0x00000014   Code   RO         6160    i.__hardfp_fabs     m_wm.l(fabs.o)
    0x080077cc   0x00000004   PAD
    0x080077d0   0x000000c8   Code   RO         6166    i.__hardfp_sin      m_wm.l(sin.o)
    0x08007898   0x00000438   Code   RO         6469    i.__ieee754_rem_pio2  m_wm.l(rred.o)
    0x08007cd0   0x00000170   Code   RO         6452    i.__kernel_cos      m_wm.l(cos_i.o)
    0x08007e40   0x000000f8   Code   RO         6518    i.__kernel_poly     m_wm.l(poly.o)
    0x08007f38   0x00000130   Code   RO         6474    i.__kernel_sin      m_wm.l(sin_i.o)
    0x08008068   0x00000014   Code   RO         6456    i.__mathlib_dbl_infnan  m_wm.l(dunder.o)
    0x0800807c   0x00000004   PAD
    0x08008080   0x00000020   Code   RO         6458    i.__mathlib_dbl_invalid  m_wm.l(dunder.o)
    0x080080a0   0x00000020   Code   RO         6461    i.__mathlib_dbl_underflow  m_wm.l(dunder.o)
    0x080080c0   0x0000000e   Code   RO         6538    i.__scatterload_copy  mc_w.l(handlers.o)
    0x080080ce   0x00000002   Code   RO         6539    i.__scatterload_null  mc_w.l(handlers.o)
    0x080080d0   0x0000000e   Code   RO         6540    i.__scatterload_zeroinit  mc_w.l(handlers.o)
    0x080080de   0x00000002   PAD
    0x080080e0   0x0000000c   Code   RO         6500    i.__set_errno       mc_w.l(errno.o)
    0x080080ec   0x000002c0   Code   RO         6321    i._printf_core      mc_w.l(printf5.o)
    0x080083ac   0x0000003c   Code   RO         5465    i.delay_init        delay.o
    0x080083e8   0x00000038   Code   RO         5466    i.delay_ms          delay.o
    0x08008420   0x0000004c   Code   RO         5467    i.delay_us          delay.o
    0x0800846c   0x0000004c   Code   RO         5468    i.delay_xms         delay.o
    0x080084b8   0x00000018   Code   RO         6162    i.fabs              m_wm.l(fabs.o)
    0x080084d0   0x0000001c   Code   RO         5542    i.fputc             usart.o
    0x080084ec   0x0000009c   Code   RO         5830    i.hctl2020_getdata_0  hctl2020.o
    0x08008588   0x000000a0   Code   RO         5831    i.hctl2020_getdata_1  hctl2020.o
    0x08008628   0x0000009c   Code   RO         5832    i.hctl2020_getdata_2  hctl2020.o
    0x080086c4   0x000000c4   Code   RO         5833    i.hctl2020_init     hctl2020.o
    0x08008788   0x00000090   Code   RO         5665    i.main              main.o
    0x08008818   0x000017c0   Data   RO         5167    .constdata          lcd.o
    0x08009fd8   0x00000030   Data   RO         6453    .constdata          m_wm.l(cos_i.o)
    0x0800a008   0x000000c8   Data   RO         6471    .constdata          m_wm.l(rred.o)
    0x0800a0d0   0x00000028   Data   RO         6475    .constdata          m_wm.l(sin_i.o)
    0x0800a0f8   0x00000020   Data   RO         6536    Region$$Table       anon$$obj.o


    Execution Region RW_IRAM1 (Base: 0x20000000, Size: 0x00000708, Max: 0x00020000, ABSOLUTE)

    Base Addr    Size         Type   Attr      Idx    E Section Name        Object

    0x20000000   0x00000010   Data   RW         2858    .data               stm32f4xx_rcc.o
    0x20000010   0x00000004   Data   RW         5168    .data               lcd.o
    0x20000014   0x00000009   Data   RW         5421    .data               remote.o
    0x2000001d   0x00000001   PAD
    0x2000001e   0x00000004   Data   RW         5469    .data               delay.o
    0x20000022   0x00000002   PAD
    0x20000024   0x00000013   Data   RW         5544    .data               usart.o
    0x20000037   0x00000004   Data   RW         5666    .data               main.o
    0x2000003b   0x00000003   Data   RW         5898    .data               timer.o
    0x2000003e   0x00000002   PAD
    0x20000040   0x00000010   Data   RW         5991    .data               control.o
    0x20000050   0x00000004   Data   RW         6501    .data               mc_w.l(errno.o)
    0x20000054   0x0000000e   Zero   RW         5166    .bss                lcd.o
    0x20000062   0x00000258   Zero   RW         5543    .bss                usart.o
    0x200002ba   0x00000002   PAD
    0x200002bc   0x00000048   Zero   RW         5990    .bss                control.o
    0x20000304   0x00000004   PAD
    0x20000308   0x00000400   Zero   RW            1    STACK               startup_stm32f40_41xxx.o


==============================================================================

Image component sizes


      Code (inc. data)   RO Data    RW Data    ZI Data      Debug   Object Name

      1220         86          0         16         72       3865   control.o
       268         16          0          4          0       2287   delay.o
       140          0          0          0          0        585   exit.o
       364         24          0          0          0       3032   gpio.o
       784         62          0          0          0       2955   hctl2020.o
     19416        574       6080          4         14      24303   lcd.o
       144         16          0          4          0        900   main.o
       180         24          0          0          0     294185   misc.o
       124          4          0          0          0        511   mpu6050.o
      1018         56          0          0          0       4819   pwm.o
       660         44          0          9          0       2138   remote.o
        36          8        392          0       1024        872   startup_stm32f40_41xxx.o
       148          6          0          0          0       1032   stm32f4xx_exti.o
       282          6          0          0          0       1925   stm32f4xx_fsmc.o
       222          0          0          0          0       3011   stm32f4xx_gpio.o
        26          0          0          0          0     231354   stm32f4xx_it.o
       360         42          0         16          0       5384   stm32f4xx_rcc.o
        64          4          0          0          0        680   stm32f4xx_syscfg.o
      1272         58          0          0          0      17552   stm32f4xx_tim.o
       456          8          0          0          0       6235   stm32f4xx_usart.o
       340         32          0          0          0       1413   system_stm32f4xx.o
       832         50          0          3          0       2263   timer.o
      1100         96          0         19        600       5479   usart.o

    ----------------------------------------------------------------------
     29484       1216       6504         80       1716     616780   Object Totals
         0          0         32          0          0          0   (incl. Generated)
        28          0          0          5          6          0   (incl. Padding)

    ----------------------------------------------------------------------

      Code (inc. data)   RO Data    RW Data    ZI Data      Debug   Library Member Name

       200         20          0          0          0        164   cos.o
       368         46         48          0          0        200   cos_i.o
        84         16          0          0          0        372   dunder.o
        44          0          0          0          0        248   fabs.o
        48          0          0          0          0        124   fpclassify.o
       248          0          0          0          0        152   poly.o
      1080        142        200          0          0        188   rred.o
       200         20          0          0          0        164   sin.o
       304         24         40          0          0        208   sin_i.o
         0          0          0          0          0          0   entry.o
         0          0          0          0          0          0   entry10a.o
         0          0          0          0          0          0   entry11a.o
         8          4          0          0          0          0   entry2.o
         4          0          0          0          0          0   entry5.o
         0          0          0          0          0          0   entry7b.o
         0          0          0          0          0          0   entry8b.o
         8          4          0          0          0          0   entry9a.o
        12          6          0          4          0         68   errno.o
        30          0          0          0          0          0   handlers.o
        36          8          0          0          0         68   init.o
         0          0          0          0          0          0   iusefp.o
        30          0          0          0          0         68   llshl.o
        36          0          0          0          0         68   llsshr.o
        32          0          0          0          0         68   llushr.o
       736         56          0          0          0        184   printf5.o
        98          0          0          0          0         92   uldiv.o
        48          0          0          0          0         68   cdcmple.o
        56          0          0          0          0         88   d2f.o
       334          0          0          0          0        148   dadd.o
       222          0          0          0          0        100   ddiv.o
       186          0          0          0          0        176   depilogue.o
        62          0          0          0          0         80   dfixi.o
        34          0          0          0          0         76   dflti.o
        26          0          0          0          0         76   dfltui.o
       228          0          0          0          0         96   dmul.o
        38          0          0          0          0         68   f2d.o
       110          0          0          0          0        168   fepilogue.o

    ----------------------------------------------------------------------
      4964        346        288          4          0       3580   Library Totals
        14          0          0          0          0          0   (incl. Padding)

    ----------------------------------------------------------------------

      Code (inc. data)   RO Data    RW Data    ZI Data      Debug   Library Name

      2576        268        288          0          0       1820   m_wm.l
      1030         78          0          4          0        616   mc_w.l
      1344          0          0          0          0       1144   mf_w.l

    ----------------------------------------------------------------------
      4964        346        288          4          0       3580   Library Totals

    ----------------------------------------------------------------------

==============================================================================


      Code (inc. data)   RO Data    RW Data    ZI Data      Debug   

     34448       1562       6792         84       1716     607332   Grand Totals
     34448       1562       6792         84       1716     607332   ELF Image Totals
     34448       1562       6792         84          0          0   ROM Totals

==============================================================================

    Total RO  Size (Code + RO Data)                41240 (  40.27kB)
    Total RW  Size (RW Data + ZI Data)              1800 (   1.76kB)
    Total ROM Size (Code + RO Data + RW Data)      41324 (  40.36kB)

==============================================================================

